../application/source/interfaces/gps.c:575:13:jumpToNextField	8	static
../application/source/interfaces/gps.c:607:12:getNmeaInt	0	static
../application/source/interfaces/gps.c:1132:13:gpsLogByte	8	static
../application/source/interfaces/gps.c:224:17:gpsLatLongConvert	24	static
../application/source/interfaces/gps.c:326:6:gpsProcessChar	12	static
../application/source/interfaces/gps.c:1144:13:gpsLogNMEAData	16	static
../application/source/interfaces/gps.c:530:6:gpsPower.part.0	0	static
../application/source/interfaces/gps.c:289:13:getParam.constprop	32	static
../application/source/interfaces/gps.c:160:6:gpsInit	8	static
../application/source/interfaces/gps.c:346:6:gpsDataInputStartStop	8	static
../application/source/interfaces/gps.c:387:6:gpsOn	8	static
../application/source/interfaces/gps.c:430:6:HAL_UART_RxHalfCpltCallback	16	static
../application/source/interfaces/gps.c:456:6:gpsOnUsingQuickKey	32	static
../application/source/interfaces/gps.c:482:6:HAL_UART_RxCpltCallback	16	static
../application/source/interfaces/gps.c:530:6:gpsPower	0	static
../application/source/interfaces/gps.c:408:6:gpsOff	8	static
../application/source/interfaces/gps.c:734:6:gpsStartBaudRateAutodetection	0	static
../application/source/interfaces/gps.c:741:6:gpsStopBaudRateAutodetection	0	static
../application/source/interfaces/gps.c:747:6:gpsSetBaudRateByIndex	48	static
../application/source/interfaces/gps.c:767:6:gpsTick	312	static
../application/source/interfaces/gps.c:1155:6:gpsLoggingStart	8	static
../application/source/interfaces/gps.c:1186:6:gpsLoggingStop	8	static
../application/source/interfaces/gps.c:1205:6:gpsLoggingClear	16	static
