../application/source/hardware/HR-C6000.c:2079:13:hrc6000InitDigitalState	0	static
../application/source/hardware/HR-C6000.c:2282:13:hrc6000SendPcOrTgLCHeader	24	static
../application/source/hardware/HR-C6000.c:363:13:hrc6000WriteSPIRegister0x04Multi	16	static
../application/source/hardware/HR-C6000.c:572:13:hrc6000CheckColourCodeFilter	8	static
../application/source/hardware/HR-C6000.c:1470:13:hrc6000TransitionToTx	8	static
../application/source/hardware/HR-C6000.c:452:20:hrc6000CrcIsValid	8	static
../application/source/hardware/HR-C6000.c:462:12:hrc6000GetTSTimeoutValue	0	static
../application/source/hardware/HR-C6000.c:480:20:hrc6000CheckTimeSlotFilter	16	static
../application/source/hardware/HR-C6000.c:2143:13:hrc6000SendSMSFrame	8	static
../application/source/hardware/HR-C6000.c:2040:20:hrc6000RxInterruptHandler	0	static
../application/source/hardware/HR-C6000.c:1489:6:hrc6000TxBurstCallback	16	static
../application/source/hardware/HR-C6000.c:337:9:getCurrentTATxFlag	16	static
../application/source/hardware/HR-C6000.c:447:6:HRC6000SetMicGainDMR	0	static
../application/source/hardware/HR-C6000.c:511:6:HRC6000CheckTalkGroupFilter	8	static
../application/source/hardware/HR-C6000.c:2053:6:hrc6000TxInterruptHandler	8	static
../application/source/hardware/HR-C6000.c:2066:6:hrc6000SetInIRQHandler	0	static
../application/source/hardware/HR-C6000.c:2161:6:HRC6000InitInterrupts	8	static
../application/source/hardware/HR-C6000.c:2190:6:HRC6000ResetTimeSlotDetection	16	static
../application/source/hardware/HR-C6000.c:2257:6:HRC6000TerminateDigital	8	static
../application/source/hardware/HR-C6000.c:2764:6:HRC6000InitTask	16	static
../application/source/hardware/HR-C6000.c:2780:6:HRC6000ClearIsWakingState	0	static
../application/source/hardware/HR-C6000.c:2785:5:HRC6000GetIsWakingState	0	static
../application/source/hardware/HR-C6000.c:2790:6:HRC6000ClearActiveDMRID	0	static
../application/source/hardware/HR-C6000.c:1286:6:hrc6000SysInterruptHandler	80	static
../application/source/hardware/HR-C6000.c:2798:6:HRC6000ResyncTimeSlot	8	static
../application/source/hardware/HR-C6000.c:2834:10:HRC6000GetReceivedTgOrPcId	0	static
../application/source/hardware/HR-C6000.c:2839:10:HRC6000GetReceivedSrcId	0	static
../application/source/hardware/HR-C6000.c:2844:6:HRC6000ClearTimecodeSynchronisation	0	static
../application/source/hardware/HR-C6000.c:2849:6:HRC6000ClearColorCodeSynchronisation	0	static
../application/source/hardware/HR-C6000.c:2860:6:HRC6000SetTalkerAlias	0	static
../application/source/hardware/HR-C6000.c:2865:6:HRC6000SetTalkerAliasLocation	16	static
../application/source/hardware/HR-C6000.c:2883:6:HRC6000StartQueuedSMS	32	static
../application/source/hardware/HR-C6000.c:2945:6:HRC6000IsSendingSMS	0	static
../application/source/hardware/HR-C6000.c:2950:6:HRC6000IRQHandlerIsRunning	0	static
../application/source/hardware/HR-C6000.c:2955:6:HRC6000HasGotSync	0	static
../application/source/hardware/HR-C6000.c:2960:6:HRC6000SetMicGainFM	0	static
../application/source/hardware/HR-C6000.c:2965:6:HRC6000SetFMTx	16	static
../application/source/hardware/HR-C6000.c:3038:6:HRC6000SetFMRx	8	static
../application/source/hardware/HR-C6000.c:3051:6:HRC6000SetDMR	8	static
../application/source/hardware/HR-C6000.c:2168:6:HRC6000InitDigitalDmrRx	8	static
../application/source/hardware/HR-C6000.c:1498:6:hrc6000TimeslotInterruptHandler	48	static
../application/source/hardware/HR-C6000.c:2223:6:HRC6000InitDigital	8	static
../application/source/hardware/HR-C6000.c:2740:13:hrc6000TaskFunction	8	static
../application/source/hardware/HR-C6000.c:3073:6:HRC6000SetTxCTCSS	8	static
../application/source/hardware/HR-C6000.c:3088:6:HRC6000SetTxDCS	16	static
../application/source/hardware/HR-C6000.c:3105:6:HRC6000SetRxDCS	16	static
../application/source/hardware/HR-C6000.c:3121:6:HRC6000SetRxCTCSS	8	static
../application/source/hardware/HR-C6000.c:3130:6:HRC6000CheckCSS	16	static
../application/source/hardware/HR-C6000.c:3139:6:HRC6000SetLineOut	8	static
../application/source/hardware/HR-C6000.c:3164:6:HRC6000SetMic	0	static
../application/source/hardware/HR-C6000.c:3170:6:HRC6000GetTone1Config	0	static
../application/source/hardware/HR-C6000.c:3175:6:HRC6000SetTone1Config	0	static
../application/source/hardware/HR-C6000.c:3181:6:HRC6000SetDTMF	8	static
../application/source/hardware/HR-C6000.c:3223:6:HRC6000DTMFoff	8	static
../application/source/hardware/HR-C6000.c:3235:6:HRC6000SendTone	16	static
../application/source/hardware/HR-C6000.c:3253:6:HRC6000InitDTMF	8	static
../application/source/hardware/HR-C6000.c:373:6:HRC6000Init	136	static
../application/source/hardware/HR-C6000.c:3274:6:HRC6000SetDmrRxGain	0	static
../application/source/hardware/HR-C6000.c:3281:6:HRC6000CCIsHeld	0	static
