../application/source/hardware/radioHardwareInterface.c:1021:13:radioSetAudioMutePWM	40	static
../application/source/hardware/radioHardwareInterface.c:123:6:radioSetRxLNAForDevice.part.0	8	static
../application/source/hardware/radioHardwareInterface.c:1033:6:radioAudioAmp.part.0	8	static
../application/source/hardware/radioHardwareInterface.c:123:6:radioSetRxLNAForDevice	0	static
../application/source/hardware/radioHardwareInterface.c:134:6:radioPowerOff	8	static
../application/source/hardware/radioHardwareInterface.c:154:6:radioPostinit	0	static
../application/source/hardware/radioHardwareInterface.c:159:15:radioSetTRxDevice	0	static
../application/source/hardware/radioHardwareInterface.c:77:6:radioPowerOn	8	static
../application/source/hardware/radioHardwareInterface.c:149:6:radioInit	0	static
../application/source/hardware/radioHardwareInterface.c:170:15:radioGetTRxDeviceId	0	static
../application/source/hardware/radioHardwareInterface.c:175:6:radioSetBandwidth	0	static
../application/source/hardware/radioHardwareInterface.c:180:6:radioSetCalibration	0	static
../application/source/hardware/radioHardwareInterface.c:185:6:radioSetMode	8	static
../application/source/hardware/radioHardwareInterface.c:618:6:radioSetIF	8	static
../application/source/hardware/radioHardwareInterface.c:798:6:SynthTransfer	16	static
../application/source/hardware/radioHardwareInterface.c:658:6:radioSetFrequency	32	static
../application/source/hardware/radioHardwareInterface.c:835:6:radioSetTx	8	static
../application/source/hardware/radioHardwareInterface.c:870:6:radioFastTx	8	static
../application/source/hardware/radioHardwareInterface.c:898:6:radioSetRx	8	static
../application/source/hardware/radioHardwareInterface.c:924:6:radioReadVoxAndMicStrength	8	static
../application/source/hardware/radioHardwareInterface.c:930:6:radioReadRSSIAndNoiseForBand	8	static
../application/source/hardware/radioHardwareInterface.c:945:6:radioRxCSSOff	0	static
../application/source/hardware/radioHardwareInterface.c:970:6:radioRxCTCSOn	0	static
../application/source/hardware/radioHardwareInterface.c:975:6:radioRxDCSOn	0	static
../application/source/hardware/radioHardwareInterface.c:980:6:radioTxCSSOff	0	static
../application/source/hardware/radioHardwareInterface.c:985:6:radioTxCTCSOn	0	static
../application/source/hardware/radioHardwareInterface.c:990:6:radioTxDCSOn	0	static
../application/source/hardware/radioHardwareInterface.c:1001:6:radioCheckCSS	0	static
../application/source/hardware/radioHardwareInterface.c:1009:6:radioSetTone1	0	static
../application/source/hardware/radioHardwareInterface.c:1015:6:radioSetMicGainFM	0	static
../application/source/hardware/radioHardwareInterface.c:1033:6:radioAudioAmp	8	static
../application/source/hardware/radioHardwareInterface.c:1064:6:radioSetAudioPath	0	static
