../application/source/hardware/ST7567_transfer.c:73:13:ST7567transferCommand	16	static
../application/source/hardware/ST7567_transfer.c:39:6:displayRenderRows	16	static
../application/source/hardware/ST7567_transfer.c:88:6:displaySetInverseVideo	8	static
../application/source/hardware/ST7567_transfer.c:106:6:displayBegin	8	static
../application/source/hardware/ST7567_transfer.c:136:6:displaySetContrast	8	static
../application/source/hardware/ST7567_transfer.c:147:6:displaySetDisplayPowerMode	16	static
