../application/source/hardware/ST7567_display.c:71:9:displaySetPixel	12	static
../application/source/hardware/ST7567_display.c:92:6:displayRenderWithoutNotification	8	static
../application/source/hardware/ST7567_display.c:98:6:displayRender	8	static
../application/source/hardware/ST7567_display.c:169:5:displayPrintCore	160	static
../application/source/hardware/ST7567_display.c:358:6:displayClearBuf	0	static
../application/source/hardware/ST7567_display.c:363:6:displayClearRows	4	static
../application/source/hardware/ST7567_display.c:381:6:displayPrintCentered	16	static
../application/source/hardware/ST7567_display.c:386:6:displayPrintAt	16	static
../application/source/hardware/ST7567_display.c:392:6:displayDrawLine	48	static
../application/source/hardware/ST7567_display.c:448:6:displayDrawCircle	56	static
../application/source/hardware/ST7567_display.c:485:6:displayDrawCircleHelper	56	static
../application/source/hardware/ST7567_display.c:846:6:displayDrawEllipse	48	static
../application/source/hardware/ST7567_display.c:896:6:displayDrawTriangle	40	static
../application/source/hardware/ST7567_display.c:1062:6:displayFillRect	32	static
../application/source/hardware/ST7567_display.c:437:6:displayDrawFastVLine	16	static
../application/source/hardware/ST7567_display.c:535:6:displayFillCircleHelper	72	static
../application/source/hardware/ST7567_display.c:570:6:displayFillCircle	32	static
../application/source/hardware/ST7567_display.c:592:6:displayFillArcOffsetted	120	static
../application/source/hardware/ST7567_display.c:831:6:displayFillArc	16	static
../application/source/hardware/ST7567_display.c:442:6:displayDrawFastHLine	16	static
../application/source/hardware/ST7567_display.c:906:6:displayFillTriangle	72	static
../application/source/hardware/ST7567_display.c:1012:6:displayDrawRoundRect	64	static
../application/source/hardware/ST7567_display.c:1051:6:displayDrawRect	24	static
../application/source/hardware/ST7567_display.c:1029:6:displayFillRoundRect	56	static
../application/source/hardware/ST7567_display.c:1041:6:displayDrawRoundRectWithDropShadow	40	static
../application/source/hardware/ST7567_display.c:1129:6:displayDrawRectWithDropShadow	32	static
../application/source/hardware/ST7567_display.c:1139:6:displayDrawBitmap	56	static
../application/source/hardware/ST7567_display.c:1168:6:displayDrawXBitmap	56	static
../application/source/hardware/ST7567_display.c:1195:6:displayDrawChoice	72	static
../application/source/hardware/ST7567_display.c:1290:10:displayGetScreenBuffer	0	static
../application/source/hardware/ST7567_display.c:1295:6:displayRestorePrimaryScreenBuffer	0	static
../application/source/hardware/ST7567_display.c:1300:10:displayGetPrimaryScreenBuffer	0	static
../application/source/hardware/ST7567_display.c:1305:6:displayOverrideScreenBuffer	0	static
