../application/source/functions/sms.c:284:17:smsStorageChecksum	12	static
../application/source/functions/sms.c:988:13:smsDecodeUtf16Payload	20	static
../application/source/functions/sms.c:2071:17:smsCrc32Compute	12	static
../application/source/functions/sms.c:2111:17:smsUdpChecksum	16	static
../application/source/functions/sms.c:1919:13:smsResetRxAssembly	8	static
../application/source/functions/sms.c:274:13:smsResetOutgoingStartTracking	0	static
../application/source/functions/sms.c:346:13:smsStorageReadHeader	8	static
../application/source/functions/sms.c:420:13:smsStorageUpdateChecksum	104	static
../application/source/functions/sms.c:2663:13:smsScheduleQueuedMessageTransmissionInternal	32	static
../application/source/functions/sms.c:410:13:smsStorageWriteHeader.part.0	0	static
../application/source/functions/sms.c:928:13:smsStoreSentMessageInternal	520	static
../application/source/functions/sms.c:2090:17:smsIpHeaderChecksum.constprop	12	static
../application/source/functions/sms.c:2248:13:smsDecodeMotorolaPayload.constprop	560	static
../application/source/functions/sms.c:2452:17:smsCrc16Ccitt.constprop	12	static
../application/source/functions/sms.c:1114:17:smsCountCharOccurrence.part.0.constprop	0	static
../application/source/functions/sms.c:1134:16:smsScoreDecodedText	40	static
../application/source/functions/sms.c:867:13:smsStoreInboxMessage.constprop	520	static
../application/source/functions/sms.c:304:13:smsStorageChecksumFromEeprom.constprop	104	static
../application/source/functions/sms.c:574:13:smsStorageLoad	1040	static
../application/source/functions/sms.c:1322:13:smsTryAdoptDecodedCandidate.constprop.isra	256	static
../application/source/functions/sms.c:1339:13:smsTryDecodeWindowDirect.constprop.isra	8	static
../application/source/functions/sms.c:1367:13:smsTryDecodeWindowNeighborhood.constprop.isra	24	static
../application/source/functions/sms.c:2360:13:smsDecodeStandardPayload.constprop.isra	560	static
../application/source/functions/sms.c:249:6:smsInit	8	static
../application/source/functions/sms.c:2556:17:smsPackMessage	1024	static
../application/source/functions/sms.c:2614:17:smsQueueMessage	8	static
../application/source/functions/sms.c:2621:6:smsHasQueuedMessage	0	static
../application/source/functions/sms.c:2626:29:smsGetQueuedMessage	0	static
../application/source/functions/sms.c:2631:6:smsClearQueuedMessage	0	static
../application/source/functions/sms.c:2687:6:smsScheduleQueuedMessageTransmission	16	static
../application/source/functions/sms.c:2735:6:smsNotifyOutgoingAckReceived	0	static
../application/source/functions/sms.c:2746:6:smsNotifyOutgoingRejected	0	static
../application/source/functions/sms.c:2757:6:smsNotifyOutgoingNoRepeater	0	static
../application/source/functions/sms.c:2768:6:smsNotifyOutgoingSent	0	static
../application/source/functions/sms.c:2779:6:smsRetryLastOutgoingMessage	16	static
../application/source/functions/sms.c:2802:14:smsConsumeTxEvent	0	static
../application/source/functions/sms.c:3167:6:smsHandleReceivedDataFrame	32	static
../application/source/functions/sms.c:3298:9:smsGetInboxCount	0	static
../application/source/functions/sms.c:3303:6:smsGetInboxMessage	40	static
../application/source/functions/sms.c:3328:6:smsDeleteInboxMessage	520	static
../application/source/functions/sms.c:3373:6:smsClearInbox	32	static
../application/source/functions/sms.c:3396:9:smsGetSentCount	0	static
../application/source/functions/sms.c:3401:6:smsGetSentMessage	40	static
../application/source/functions/sms.c:504:13:smsStorageBuildSnapshot.part.0	280	static
../application/source/functions/sms.c:566:13:smsStoragePersist	6304	static
../application/source/functions/sms.c:3426:6:smsStoreSentMessage	8	static
../application/source/functions/sms.c:3121:6:smsTick	296	static
../application/source/functions/sms.c:3437:6:smsDeleteSentMessage	520	static
../application/source/functions/sms.c:3478:6:smsClearSent	32	static
../application/source/functions/sms.c:3498:9:smsGetQuickTextCount	0	static
../application/source/functions/sms.c:3503:6:smsGetQuickTextMessage	6328	static
../application/source/functions/sms.c:3528:6:smsStoreQuickTextMessage	6328	static
../application/source/functions/sms.c:3553:6:smsUpdateQuickTextMessage	6328	static
../application/source/functions/sms.c:3576:6:smsDeleteQuickTextMessage	6328	static
../application/source/functions/sms.c:3603:17:smsQueueSentMessage	248	static
../application/source/functions/sms.c:3615:6:smsHasRxNotification	0	static
../application/source/functions/sms.c:3620:6:smsConsumeRxNotification	0	static
../application/source/functions/sms.c:3627:6:smsInboxStorageTick	16	static
