../application/source/functions/codeplug.c:149:17:byteSwap32	0	static
../application/source/functions/codeplug.c:513:17:_getLDMRFlag1	0	static
../application/source/functions/codeplug.c:517:17:_getFlag2	0	static
../application/source/functions/codeplug.c:521:17:_getFlag3	0	static
../application/source/functions/codeplug.c:525:17:_getFlag4	0	static
../application/source/functions/codeplug.c:1373:17:codeplugGetOpenGD77CustomDataStartAddressForType	32	static
../application/source/functions/codeplug.c:162:10:bcd2int	8	static
../application/source/functions/codeplug.c:176:10:int2bcd	8	static
../application/source/functions/codeplug.c:190:10:bcd2uint16	8	static
../application/source/functions/codeplug.c:203:20:codeplugGetCSSType	0	static
../application/source/functions/codeplug.c:227:10:codeplugCSSToInt	8	static
../application/source/functions/codeplug.c:241:10:codeplugIntToCSS	8	static
../application/source/functions/codeplug.c:254:6:codeplugUtilConvertBufToString	12	static
../application/source/functions/codeplug.c:267:6:codeplugUtilConvertStringToBuf	16	static
../application/source/functions/codeplug.c:280:6:codeplugZonesInitCache	0	static
../application/source/functions/codeplug.c:285:5:codeplugZonesGetCount	16	static
../application/source/functions/codeplug.c:297:6:codeplugZoneGetDataForNumber	24	static
../application/source/functions/codeplug.c:371:6:codeplugZoneAddChannelToZoneAndSave	12	static
../application/source/functions/codeplug.c:410:6:codeplugAllChannelsIndexIsInUse	0	static
../application/source/functions/codeplug.c:421:6:codeplugAllChannelsIndexSetUsed	24	static
../application/source/functions/codeplug.c:450:6:codeplugAllChannelsInitCache	24	static
../application/source/functions/codeplug.c:564:9:codeplugChannelGetFlag	16	static
../application/source/functions/codeplug.c:472:10:codeplugChannelGetOptionalDMRID	8	static
../application/source/functions/codeplug.c:572:9:codeplugChannelSetFlag	16	static
../application/source/functions/codeplug.c:484:6:codeplugChannelSetOptionalDMRID	16	static
../application/source/functions/codeplug.c:589:6:codeplugChannelGetDataWithOffsetAndLengthForIndex	8	static
../application/source/functions/codeplug.c:610:6:codeplugChannelGetDataForIndex	8	static
../application/source/functions/codeplug.c:639:6:codeplugChannelSaveDataForIndex	40	static
../application/source/functions/codeplug.c:788:5:codeplugDTMFContactsGetCount	0	static
../application/source/functions/codeplug.c:793:5:codeplugContactsGetCount	0	static
../application/source/functions/codeplug.c:903:6:codeplugContactsContainsPC	8	static
../application/source/functions/codeplug.c:971:6:codeplugContactsCacheUpdateOrInsertContactAt	32	static
../application/source/functions/codeplug.c:1069:6:codeplugContactsCacheRemoveContactAt	20	static
../application/source/functions/codeplug.c:1097:10:codeplugContactGetPackedId	0	static
../application/source/functions/codeplug.c:1102:5:codeplugContactGetFreeIndex	8	static
../application/source/functions/codeplug.c:1125:6:codeplugDTMFContactGetDataForIndex	8	static
../application/source/functions/codeplug.c:812:5:codeplugDTMFContactGetDataForNumber	16	static
../application/source/functions/codeplug.c:1152:6:codeplugContactGetDataForIndex	40	static
../application/source/functions/codeplug.c:753:6:codeplugRxGroupGetDataForIndex	56	static
../application/source/functions/codeplug.c:826:5:codeplugContactGetDataForNumberInType	32	static
../application/source/functions/codeplug.c:850:5:codeplugContactIndexByTGorPCFromNumber	56	static
../application/source/functions/codeplug.c:898:5:codeplugContactIndexByTGorPC	16	static
../application/source/functions/codeplug.c:1176:5:codeplugContactSaveDataForIndex	48	static
../application/source/functions/codeplug.c:1262:6:codeplugContactGetRXGroup	232	static
../application/source/functions/codeplug.c:1283:10:codeplugGetUserDMRID	16	static
../application/source/functions/codeplug.c:1290:6:codeplugSetUserDMRID	16	static
../application/source/functions/codeplug.c:1297:6:codeplugGetRadioName	8	static
../application/source/functions/codeplug.c:1305:6:codeplugGetBootScreenData	16	static
../application/source/functions/codeplug.c:1318:6:codeplugGetVFO_ChannelData	16	static
../application/source/functions/codeplug.c:1348:6:codeplugConvertChannelInternalToCodeplug	16	static
../application/source/functions/codeplug.c:1337:6:codeplugSetVFO_ChannelData	88	static
../application/source/functions/codeplug.c:1357:6:codeplugInitChannelsPerZone	24	static
../application/source/functions/codeplug.c:1423:6:codeplugGetOpenGD77CustomData	16	static
../application/source/functions/codeplug.c:1446:6:codeplugSetOpenGD77CustomData	32	static
../application/source/functions/codeplug.c:1473:6:codeplugGetGeneralSettings	0	static
../application/source/functions/codeplug.c:1478:6:codeplugGetSignallingDTMF	0	static
../application/source/functions/codeplug.c:1483:6:codeplugGetSignallingDTMFDurations	8	static
../application/source/functions/codeplug.c:1505:6:codeplugGetDeviceInfo	16	static
../application/source/functions/codeplug.c:1526:10:codeplugGetQuickkeyFunctionID	0	static
../application/source/functions/codeplug.c:1558:6:codeplugSetQuickkeyFunctionID	16	static
../application/source/functions/codeplug.c:1573:5:codeplugGetRepeaterWakeAttempts	0	static
../application/source/functions/codeplug.c:1618:5:codeplugGetPasswordPin	16	static
../application/source/functions/codeplug.c:1649:6:codeplugSetTATxForTS	0	static
../application/source/functions/codeplug.c:1656:27:codeplugGetTATxForTS	0	static
../application/source/functions/codeplug.c:1661:6:codeplugInitLastUsedChannelInZone	16	static
../application/source/functions/codeplug.c:1685:9:codeplugGetLastUsedChannelInZone	0	static
../application/source/functions/codeplug.c:1693:9:codeplugGetLastUsedChannelInCurrentZone	0	static
../application/source/functions/codeplug.c:1698:9:codeplugGetLastUsedChannelNumberInCurrentZone	8	static
../application/source/functions/codeplug.c:1705:9:codeplugSetLastUsedChannelInZone	0	static
../application/source/functions/codeplug.c:1730:9:codeplugSetLastUsedChannelInCurrentZone	0	static
../application/source/functions/codeplug.c:1735:6:codeplugSaveLastUsedChannelInZone	24	static
../application/source/functions/codeplug.c:1753:5:codeplugAPRSConfigGetCount	0	static
../application/source/functions/codeplug.c:1758:6:codeplugAPRSGetDataForIndex	8	static
../application/source/functions/codeplug.c:1602:6:codeplugInitCaches	96	static
../application/source/functions/codeplug.c:1779:5:codeplugAPRSGetIndexOfName	32	static
