../application/source/user_interface/uiChannelMode.c:3117:13:quicksortChannelByDistance	40	static
../application/source/user_interface/uiChannelMode.c:129:13:checkChannelLocation	24	static
../application/source/user_interface/uiChannelMode.c:2829:13:updateTrxID	8	static
../application/source/user_interface/uiChannelMode.c:2179:13:updateQuickMenuScreen	104	static
../application/source/user_interface/uiChannelMode.c:3161:13:initSortedChannels.part.0	728	static
../application/source/user_interface/uiChannelMode.c:2141:13:validateOverwriteChannel	56	static
../application/source/user_interface/uiChannelMode.c:2763:13:scanStart	24	static
../application/source/user_interface/uiChannelMode.c:624:6:uiChannelModeLoadChannelData	112	static
../application/source/user_interface/uiChannelMode.c:807:6:uiChannelModeUpdateScreen	120	static
../application/source/user_interface/uiChannelMode.c:449:13:hidesChannelDetails	8	static
../application/source/user_interface/uiChannelMode.c:1916:13:handleUpKey.isra	24	static
../application/source/user_interface/uiChannelMode.c:2002:13:handleDownKey.isra	24	static
../application/source/user_interface/uiChannelMode.c:3065:6:uiChannelModeStopScanning	16	static
../application/source/user_interface/uiChannelMode.c:3027:13:scanStop	24	static
../application/source/user_interface/uiChannelMode.c:2093:14:uiChannelModeQuickMenu	48	static
../application/source/user_interface/uiChannelMode.c:3092:6:uiChannelModeIsScanning	0	static
../application/source/user_interface/uiChannelMode.c:3097:6:uiChannelModeColdStart	0	static
../application/source/user_interface/uiChannelMode.c:3103:6:uiChannelInitializeCurrentZone	16	static
../application/source/user_interface/uiChannelMode.c:259:14:uiChannelMode	96	static
