../application/source/user_interface/menuSatelliteScreen.c:1515:13:exitCallback	8	static
../application/source/user_interface/menuSatelliteScreen.c:1370:13:loadKeps	2560	static
../application/source/user_interface/menuSatelliteScreen.c:1537:13:calculateActiveSatelliteData	40	static
../application/source/user_interface/menuSatelliteScreen.c:1458:13:selectSatellite	8	static
../application/source/user_interface/menuSatelliteScreen.c:271:13:updateScreen	240	static
../application/source/user_interface/menuSatelliteScreen.c:103:14:menuSatelliteScreen	128	static
../application/source/user_interface/menuSatelliteScreen.c:1414:6:menuSatelliteScreenClearPredictions	16	static
../application/source/user_interface/menuSatelliteScreen.c:1480:6:menuSatelliteIsDisplayingHeader	0	static
../application/source/user_interface/menuSatelliteScreen.c:1485:6:menuSatelliteTxScreen	56	static
../application/source/user_interface/menuSatelliteScreen.c:1508:6:menuSatelliteSetFullReload	0	static
