../application/source/user_interface/menuSMS.c:576:13:smsMenuRender	56	static
../application/source/user_interface/menuSMS.c:1268:13:smsComposeInsertChar	32	static
../application/source/user_interface/menuSMS.c:1208:13:smsComposeRenderDestinationSelect	48	static
../application/source/user_interface/menuSMS.c:804:13:smsRxRespondRender	48	static
../application/source/user_interface/menuSMS.c:1244:13:smsComposeRenderManualIdEntry	32	static
../application/source/user_interface/menuSMS.c:776:13:smsRxPopupRender	80	static
../application/source/user_interface/menuSMS.c:2407:13:smsOptionsRender	72	static
../application/source/user_interface/menuSMS.c:1051:13:smsDrawTextCursor	32	static
../application/source/user_interface/menuSMS.c:1071:13:smsComposeRender	96	static
../application/source/user_interface/menuSMS.c:653:13:smsQuickTextEditRender	72	static
../application/source/user_interface/menuSMS.c:601:13:smsQuickTextRender	328	static
../application/source/user_interface/menuSMS.c:334:13:smsBuildMessagePreview.part.0.constprop	12	static
../application/source/user_interface/menuSMS.c:988:13:smsSentRender	328	static
../application/source/user_interface/menuSMS.c:924:13:smsInboxRender	328	static
../application/source/user_interface/menuSMS.c:423:13:smsGetSourceDisplayText.part.0.constprop	48	static
../application/source/user_interface/menuSMS.c:221:12:smsBuildViewLineLayout.constprop	32	static
../application/source/user_interface/menuSMS.c:156:17:smsBuildViewText.part.0.constprop	16	static
../application/source/user_interface/menuSMS.c:840:13:smsViewRender	1000	static
../application/source/user_interface/menuSMS.c:1149:13:smsComposeRenderContactSelect	112	static
../application/source/user_interface/menuSMS.c:1293:13:smsSendBuffer	32	static
../application/source/user_interface/menuSMS.c:1329:14:menuSMSMenu	8	static
../application/source/user_interface/menuSMS.c:1385:14:menuSMSCompose	64	static
../application/source/user_interface/menuSMS.c:1717:14:menuSMSInbox	48	static
../application/source/user_interface/menuSMS.c:1804:14:menuSMSSent	264	static
../application/source/user_interface/menuSMS.c:1891:14:menuSMSQuickText	280	static
../application/source/user_interface/menuSMS.c:1994:14:menuSMSQuickTextEdit	40	static
../application/source/user_interface/menuSMS.c:2140:14:menuSMSRxPopup	16	static
../application/source/user_interface/menuSMS.c:2290:14:menuSMSView	1208	static
../application/source/user_interface/menuSMS.c:2445:14:menuSMSOptions	8	static
