../application/source/user_interface/uiChannelMode.c:3128:13:quicksortChannelByDistance	40	static
../application/source/user_interface/uiChannelMode.c:129:13:checkChannelLocation	24	static
../application/source/user_interface/uiChannelMode.c:2840:13:updateTrxID	8	static
../application/source/user_interface/uiChannelMode.c:2190:13:updateQuickMenuScreen	112	static
../application/source/user_interface/uiChannelMode.c:3172:13:initSortedChannels.part.0	728	static
../application/source/user_interface/uiChannelMode.c:2152:13:validateOverwriteChannel	56	static
../application/source/user_interface/uiChannelMode.c:2774:13:scanStart	24	static
../application/source/user_interface/uiChannelMode.c:624:6:uiChannelModeLoadChannelData	112	static
../application/source/user_interface/uiChannelMode.c:807:6:uiChannelModeUpdateScreen	104	static
../application/source/user_interface/uiChannelMode.c:449:13:hidesChannelDetails	8	static
../application/source/user_interface/uiChannelMode.c:1927:13:handleUpKey.isra	24	static
../application/source/user_interface/uiChannelMode.c:2013:13:handleDownKey.isra	24	static
../application/source/user_interface/uiChannelMode.c:3076:6:uiChannelModeStopScanning	16	static
../application/source/user_interface/uiChannelMode.c:3038:13:scanStop	24	static
../application/source/user_interface/uiChannelMode.c:2104:14:uiChannelModeQuickMenu	48	static
../application/source/user_interface/uiChannelMode.c:3103:6:uiChannelModeIsScanning	0	static
../application/source/user_interface/uiChannelMode.c:3108:6:uiChannelModeColdStart	0	static
../application/source/user_interface/uiChannelMode.c:3114:6:uiChannelInitializeCurrentZone	16	static
../application/source/user_interface/uiChannelMode.c:259:14:uiChannelMode	96	static
