../application/source/user_interface/uiHotspot.c:619:17:getBatteryAverageInMillivolts	16	static
../application/source/user_interface/uiHotspot.c:258:13:displayContactInfo.constprop	72	static
../application/source/user_interface/uiHotspot.c:232:6:menuHotspotRestoreSettings	8	static
../application/source/user_interface/uiHotspot.c:331:6:uiHotspotUpdateScreen	120	static
../application/source/user_interface/uiHotspot.c:584:6:hotspotExit	16	static
../application/source/user_interface/uiHotspot.c:136:14:menuHotspotMode	16	static
