../application/source/user_interface/uiUtilities.c:1174:13:dmrDbTextDecode	24	static
../application/source/user_interface/uiUtilities.c:1081:13:dmrIDReadContactInFlash	4	static
../application/source/user_interface/uiUtilities.c:2843:22:announceVFOChannelName	8	static
../application/source/user_interface/uiUtilities.c:2575:22:announceZoneName	32	static
../application/source/user_interface/uiUtilities.c:2626:22:announceContactNameTgOrPc	40	static
../application/source/user_interface/uiUtilities.c:2743:22:announceTS	8	static
../application/source/user_interface/uiUtilities.c:2756:22:announceCC	8	static
../application/source/user_interface/uiUtilities.c:3770:13:dtmfStopLocalTone	8	static
../application/source/user_interface/uiUtilities.c:2559:22:announceRadioMode	16	static
../application/source/user_interface/uiUtilities.c:3513:10:cssGetToneFromIndex.part.0	0	static
../application/source/user_interface/uiUtilities.c:2809:13:announceQRG.constprop	40	static
../application/source/user_interface/uiUtilities.c:2246:13:drawHeaderBar.constprop	16	static
../application/source/user_interface/uiUtilities.c:100:6:tsSetManualOverride	0	static
../application/source/user_interface/uiUtilities.c:118:6:tsSetFromContactOverride	0	static
../application/source/user_interface/uiUtilities.c:133:8:tsGetManualOverride	0	static
../application/source/user_interface/uiUtilities.c:140:8:tsGetManualOverrideFromCurrentChannel	0	static
../application/source/user_interface/uiUtilities.c:151:6:tsIsManualOverridden	0	static
../application/source/user_interface/uiUtilities.c:158:6:tsSetContactHasBeenOverriden	0	static
../application/source/user_interface/uiUtilities.c:176:6:tsIsContactHasBeenOverriddenFromCurrentChannel	0	static
../application/source/user_interface/uiUtilities.c:186:6:tsIsContactHasBeenOverridden	0	static
../application/source/user_interface/uiUtilities.c:221:7:chomp	8	static
../application/source/user_interface/uiUtilities.c:1395:13:displaySplitOrSpanText.constprop	72	static
../application/source/user_interface/uiUtilities.c:257:9:getFirstSpacePos	0	static
../application/source/user_interface/uiUtilities.c:275:6:getCallsignOnly	16	static
../application/source/user_interface/uiUtilities.c:300:6:lastHeardInitList	20	static
../application/source/user_interface/uiUtilities.c:340:13:lastHeardFindInList	0	static
../application/source/user_interface/uiUtilities.c:191:6:isQSODataAvailableForCurrentTalker	8	static
../application/source/user_interface/uiUtilities.c:357:10:coordsToMaidenhead	24	static
../application/source/user_interface/uiUtilities.c:436:6:buildLocationAndMaidenheadStrings	80	static
../application/source/user_interface/uiUtilities.c:473:8:latLonFixed24ToDouble	16	static
../application/source/user_interface/uiUtilities.c:485:10:latLonDoubleToFixed24	32	static
../application/source/user_interface/uiUtilities.c:499:8:latLonFixed32ToDouble	16	static
../application/source/user_interface/uiUtilities.c:511:10:latLonDoubleToFixed32	32	static
../application/source/user_interface/uiUtilities.c:530:8:distanceBetweenTwoCoords	88	static
../application/source/user_interface/uiUtilities.c:525:8:distanceToLocation	32	static
../application/source/user_interface/uiUtilities.c:559:8:courseTo	64	static
../application/source/user_interface/uiUtilities.c:701:6:lastHeardClearLastID	8	static
../application/source/user_interface/uiUtilities.c:823:6:lastHeardClearWorkingTAData	8	static
../application/source/user_interface/uiUtilities.c:1164:6:dmrIDCacheClear	0	static
../application/source/user_interface/uiUtilities.c:1097:6:dmrIDCacheInit	112	static
../application/source/user_interface/uiUtilities.c:1169:10:dmrIDCacheGetCount	0	static
../application/source/user_interface/uiUtilities.c:1212:6:dmrIDLookup	104	static
../application/source/user_interface/uiUtilities.c:1349:6:contactIDLookup	48	static
../application/source/user_interface/uiUtilities.c:710:13:updateLHItem	120	static
../application/source/user_interface/uiUtilities.c:831:6:lastHeardListUpdate	64	static
../application/source/user_interface/uiUtilities.c:2265:6:uiUtilityDrawRSSIBarGraph	16	static
../application/source/user_interface/uiUtilities.c:2324:6:uiUtilityDrawFMMicLevelBarGraph	16	static
../application/source/user_interface/uiUtilities.c:2349:6:uiUtilityDrawDMRMicLevelBarGraph	16	static
../application/source/user_interface/uiUtilities.c:2355:6:setOverrideTGorPC	0	static
../application/source/user_interface/uiUtilities.c:2375:6:uiUtilityDisplayFrequency	56	static
../application/source/user_interface/uiUtilities.c:2450:8:dcsPrintf	16	static
../application/source/user_interface/uiUtilities.c:1568:6:uiUtilityDisplayInformation	56	static
../application/source/user_interface/uiUtilities.c:1367:13:displayChannelNameOrRxFrequency.constprop	24	static
../application/source/user_interface/uiUtilities.c:1484:13:displayContactTextInfos	80	static
../application/source/user_interface/uiUtilities.c:1743:6:uiUtilityRenderQSOData	88	static
../application/source/user_interface/uiUtilities.c:2455:6:freqEnterReset	0	static
../application/source/user_interface/uiUtilities.c:2461:5:freqEnterRead	20	static
../application/source/user_interface/uiUtilities.c:2488:5:getBatteryPercentage	0	static
../application/source/user_interface/uiUtilities.c:2493:6:getBatteryVoltage	0	static
../application/source/user_interface/uiUtilities.c:2873:6:announceChar	16	static
../application/source/user_interface/uiUtilities.c:2887:6:buildCSSCodeVoicePrompts	32	static
../application/source/user_interface/uiUtilities.c:2939:6:announceCSSCode	32	static
../application/source/user_interface/uiUtilities.c:2973:6:announceItemWithInit	80	static
../application/source/user_interface/uiUtilities.c:3112:6:announceItem	0	static
../application/source/user_interface/uiUtilities.c:2499:6:increasePowerLevel	16	static
../application/source/user_interface/uiUtilities.c:2529:6:decreasePowerLevel	24	static
../application/source/user_interface/uiUtilities.c:3117:6:promptsPlayNotAfterTx	8	static
../application/source/user_interface/uiUtilities.c:3125:6:uiUtilityBuildTgOrPCDisplayName	120	static
../application/source/user_interface/uiUtilities.c:3189:6:acceptPrivateCall	16	static
../application/source/user_interface/uiUtilities.c:3210:6:rebuildVoicePromptOnExtraLongSK1	24	static
../application/source/user_interface/uiUtilities.c:3272:6:repeatVoicePromptOnSK1	8	static
../application/source/user_interface/uiUtilities.c:3306:6:handleMonitorMode	24	static
../application/source/user_interface/uiUtilities.c:3453:6:saveQuickkeyMenuIndex	8	static
../application/source/user_interface/uiUtilities.c:3464:6:saveQuickkeyMenuLongValue	8	static
../application/source/user_interface/uiUtilities.c:3472:6:saveQuickkeyContactIndex	8	static
../application/source/user_interface/uiUtilities.c:3478:9:cssGetToneIndex	12	static
../application/source/user_interface/uiUtilities.c:3513:10:cssGetToneFromIndex	0	static
../application/source/user_interface/uiUtilities.c:3535:6:cssIncrement	24	static
../application/source/user_interface/uiUtilities.c:3590:6:cssDecrement	24	static
../application/source/user_interface/uiUtilities.c:3653:6:uiQuickKeysShowChoices	32	static
../application/source/user_interface/uiUtilities.c:3678:6:uiQuickKeysIsStoring	0	static
../application/source/user_interface/uiUtilities.c:3683:6:uiQuickKeysStore	16	static
../application/source/user_interface/uiUtilities.c:3854:6:dtmfSequenceReset	0	static
../application/source/user_interface/uiUtilities.c:3861:6:dtmfSequenceIsKeying	0	static
../application/source/user_interface/uiUtilities.c:3866:6:dtmfSequencePrepare	8	static
../application/source/user_interface/uiUtilities.c:3893:6:dtmfSequenceStart	0	static
../application/source/user_interface/uiUtilities.c:3901:6:dtmfSequenceStop	0	static
../application/source/user_interface/uiUtilities.c:3907:6:dtmfSequenceTick	48	static
../application/source/user_interface/uiUtilities.c:4020:6:resetOriginalSettingsData	0	static
../application/source/user_interface/uiUtilities.c:4030:6:showErrorMessage	8	static
../application/source/user_interface/uiUtilities.c:4039:13:getPowerLevel	0	static
../application/source/user_interface/uiUtilities.c:4048:13:getPowerLevelUnit	0	static
../application/source/user_interface/uiUtilities.c:4153:12:gmtime_r_Custom	24	static
../application/source/user_interface/uiUtilities.c:4205:15:mktime_custom	72	static
../application/source/user_interface/uiUtilities.c:4226:15:getRtcTime_custom	72	static
../application/source/user_interface/uiUtilities.c:4247:6:setRtc_custom	80	static
../application/source/user_interface/uiUtilities.c:4441:5:sunriset	104	static
../application/source/user_interface/uiUtilities.c:4502:6:daytimeThemeChangeUpdate	8	static
../application/source/user_interface/uiUtilities.c:4053:6:uiSetUTCDateTimeInSecs	0	static
../application/source/user_interface/uiUtilities.c:4513:6:daytimeThemeApply	48	static
../application/source/user_interface/uiUtilities.c:4542:6:daytimeThemeTick	136	static
../application/source/user_interface/uiUtilities.c:4591:6:uiChannelModeOrVFOModeThemeDaytimeChange	16	static
../application/source/user_interface/uiUtilities.c:4637:6:txInhibitCheckAndWarn	24	static
../application/source/user_interface/uiUtilities.c:4665:6:isTransmittingIgnoringAPRSBeaconing	8	static
../application/source/user_interface/uiUtilities.c:1855:6:uiUtilityRenderHeader	104	static
../application/source/user_interface/uiUtilities.c:1732:6:uiUtilityRenderQSODataAndUpdateScreen	8	static
../application/source/user_interface/uiUtilities.c:2227:6:uiUtilityRedrawHeaderOnly	24	static
