../application/source/hardware/HX8353E_display.c:81:9:displaySetPixel	0	static
../application/source/hardware/HX8353E_display.c:177:5:displayPrintCoreDoubleHeight	152	static
../application/source/hardware/HX8353E_display.c:172:5:displayPrintCore	24	static
../application/source/hardware/HX8353E_display.c:327:6:displayClearBuf	0	static
../application/source/hardware/HX8353E_display.c:336:6:displayClearRows	8	static
../application/source/hardware/HX8353E_display.c:361:6:displayPrintCenteredDoubleHeight	24	static
../application/source/hardware/HX8353E_display.c:366:6:displayPrintCentered	24	static
../application/source/hardware/HX8353E_display.c:371:6:displayPrintAt	24	static
../application/source/hardware/HX8353E_display.c:376:6:displayPrintAtDoubleHeight	24	static
../application/source/hardware/HX8353E_display.c:382:6:displayDrawLine	48	static
../application/source/hardware/HX8353E_display.c:438:6:displayDrawCircle	56	static
../application/source/hardware/HX8353E_display.c:475:6:displayDrawCircleHelper	56	static
../application/source/hardware/HX8353E_display.c:836:6:displayDrawEllipse	56	static
../application/source/hardware/HX8353E_display.c:886:6:displayDrawTriangle	40	static
../application/source/hardware/HX8353E_display.c:1052:6:displayFillRect	20	static
../application/source/hardware/HX8353E_display.c:427:6:displayDrawFastVLine	16	static
../application/source/hardware/HX8353E_display.c:525:6:displayFillCircleHelper	72	static
../application/source/hardware/HX8353E_display.c:560:6:displayFillCircle	32	static
../application/source/hardware/HX8353E_display.c:582:6:displayFillArcOffsetted	120	static
../application/source/hardware/HX8353E_display.c:821:6:displayFillArc	16	static
../application/source/hardware/HX8353E_display.c:432:6:displayDrawFastHLine	16	static
../application/source/hardware/HX8353E_display.c:896:6:displayFillTriangle	72	static
../application/source/hardware/HX8353E_display.c:1002:6:displayDrawRoundRect	64	static
../application/source/hardware/HX8353E_display.c:1041:6:displayDrawRect	24	static
../application/source/hardware/HX8353E_display.c:1019:6:displayFillRoundRect	56	static
../application/source/hardware/HX8353E_display.c:1031:6:displayDrawRoundRectWithDropShadow	40	static
../application/source/hardware/HX8353E_display.c:1069:6:displayDrawRectWithDropShadow	32	static
../application/source/hardware/HX8353E_display.c:1079:6:displayDrawBitmap	64	static
../application/source/hardware/HX8353E_display.c:1108:6:displayDrawXBitmap	64	static
../application/source/hardware/HX8353E_display.c:1230:11:displayGetScreenBuffer	0	static
../application/source/hardware/HX8353E_display.c:1235:6:displayRestorePrimaryScreenBuffer	0	static
../application/source/hardware/HX8353E_display.c:1240:11:displayGetPrimaryScreenBuffer	0	static
../application/source/hardware/HX8353E_display.c:1245:6:displayOverrideScreenBuffer	0	static
../application/source/hardware/HX8353E_display.c:1261:6:displayRenderRows	48	static
../application/source/hardware/HX8353E_display.c:95:6:displayRenderWithoutNotification	8	static
../application/source/hardware/HX8353E_display.c:101:6:displayRender	8	static
../application/source/hardware/HX8353E_display.c:1322:6:displaySetInverseVideo	0	static
../application/source/hardware/HX8353E_display.c:1334:6:displaySetContrast	0	static
../application/source/hardware/HX8353E_display.c:1341:6:displaySetDisplayPowerMode	0	static
../application/source/hardware/HX8353E_display.c:1351:6:displayConvertGD77ImageData	48	static
../application/source/hardware/HX8353E_display.c:1379:10:displayConvertRGB888ToNative	0	static
../application/source/hardware/HX8353E_display.c:1389:6:displaySetForegroundAndBackgroundColours	0	static
../application/source/hardware/HX8353E_display.c:1395:6:displayGetForegroundAndBackgroundColours	0	static
../application/source/hardware/HX8353E_display.c:1402:6:themeInitToDefaultValues	16	static
../application/source/hardware/HX8353E_display.c:1474:6:displayThemeApply	0	static
../application/source/hardware/HX8353E_display.c:1489:6:displayThemeResetToDefault	0	static
../application/source/hardware/HX8353E_display.c:1135:6:displayDrawChoice	64	static
../application/source/hardware/HX8353E_display.c:1444:6:themeInit	80	static
../application/source/hardware/HX8353E_display.c:1328:6:displayBegin	8	static
../application/source/hardware/HX8353E_display.c:1496:6:displayThemeIsForegroundColourEqualTo	0	static
../application/source/hardware/HX8353E_display.c:1501:6:displayThemeGetForegroundAndBackgroundItems	0	static
../application/source/hardware/HX8353E_display.c:1507:6:displayThemeSaveToFlash	0	static
