../application/source/functions/settings.c:654:13:settingsVFOSanityCheck	16	static
../application/source/functions/settings.c:87:6:settingsSaveSettings	8	static
../application/source/functions/settings.c:468:6:settingsEraseCustomContent	0	static
../application/source/functions/settings.c:475:6:settingsSetBOOL	0	static
../application/source/functions/settings.c:481:6:settingsSetINT8	0	static
../application/source/functions/settings.c:487:6:settingsSetUINT8	0	static
../application/source/functions/settings.c:493:6:settingsSetINT16	0	static
../application/source/functions/settings.c:499:6:settingsSetUINT16	0	static
../application/source/functions/settings.c:505:6:settingsSetINT32	0	static
../application/source/functions/settings.c:511:6:settingsSetUINT32	0	static
../application/source/functions/settings.c:517:6:settingsIncINT8	0	static
../application/source/functions/settings.c:523:6:settingsIncUINT8	0	static
../application/source/functions/settings.c:529:6:settingsIncINT16	0	static
../application/source/functions/settings.c:535:6:settingsIncUINT16	0	static
../application/source/functions/settings.c:541:6:settingsIncINT32	0	static
../application/source/functions/settings.c:547:6:settingsIncUINT32	0	static
../application/source/functions/settings.c:553:6:settingsDecINT8	0	static
../application/source/functions/settings.c:559:6:settingsDecUINT8	0	static
../application/source/functions/settings.c:565:6:settingsDecINT16	0	static
../application/source/functions/settings.c:571:6:settingsDecUINT16	0	static
../application/source/functions/settings.c:577:6:settingsDecINT32	0	static
../application/source/functions/settings.c:583:6:settingsDecUINT32	0	static
../application/source/functions/settings.c:590:6:settingsSetOptionBit	8	static
../application/source/functions/settings.c:292:6:settingsRestoreDefaultSettings	16	static
../application/source/functions/settings.c:605:6:settingsIsOptionBitSetFromSettings	0	static
../application/source/functions/settings.c:610:6:settingsIsOptionBitSet	0	static
../application/source/functions/settings.c:116:6:settingsLoadSettings	120	static
../application/source/functions/settings.c:615:6:settingsSetDirty	0	static
../application/source/functions/settings.c:624:6:settingsSetVFODirty	0	static
../application/source/functions/settings.c:633:6:settingsSaveIfNeeded	0	static
../application/source/functions/settings.c:648:5:settingsGetScanStepTimeMilliseconds	0	static
../application/source/functions/settings.c:669:6:settingsLocationIsValid	0	static
../application/source/functions/settings.c:674:8:settingsLocationGetLatitude	0	static
../application/source/functions/settings.c:679:8:settingsLocationGetLongitude	0	static
