../application/source/functions/sms.c:284:17:smsStorageChecksum	12	static
../application/source/functions/sms.c:777:13:smsIsPrintableCharacter	0	static
../application/source/functions/sms.c:1545:13:smsDecodeUtf8Payload	36	static
../application/source/functions/sms.c:2120:17:smsCrc32Compute	12	static
../application/source/functions/sms.c:2160:17:smsUdpChecksum	16	static
../application/source/functions/sms.c:1968:13:smsResetRxAssembly	8	static
../application/source/functions/sms.c:274:13:smsResetOutgoingStartTracking	0	static
../application/source/functions/sms.c:346:13:smsStorageReadHeader	8	static
../application/source/functions/sms.c:420:13:smsStorageUpdateChecksum	104	static
../application/source/functions/sms.c:2712:13:smsScheduleQueuedMessageTransmissionInternal	32	static
../application/source/functions/sms.c:410:13:smsStorageWriteHeader.part.0	0	static
../application/source/functions/sms.c:928:13:smsStoreSentMessageInternal	520	static
../application/source/functions/sms.c:2139:17:smsIpHeaderChecksum.constprop	12	static
../application/source/functions/sms.c:2501:17:smsCrc16Ccitt.constprop	12	static
../application/source/functions/sms.c:1155:17:smsCountCharOccurrence.part.0.constprop	0	static
../application/source/functions/sms.c:1175:16:smsScoreDecodedText	40	static
../application/source/functions/sms.c:867:13:smsStoreInboxMessage.constprop	520	static
../application/source/functions/sms.c:988:13:smsDecodeUtf16Payload	48	static
../application/source/functions/sms.c:2297:13:smsDecodeMotorolaPayload.constprop	560	static
../application/source/functions/sms.c:304:13:smsStorageChecksumFromEeprom.constprop	104	static
../application/source/functions/sms.c:574:13:smsStorageLoad	1040	static
../application/source/functions/sms.c:1363:13:smsTryAdoptDecodedCandidate.constprop.isra	256	static
../application/source/functions/sms.c:1380:13:smsTryDecodeWindowDirect.constprop.isra	24	static
../application/source/functions/sms.c:1416:13:smsTryDecodeWindowNeighborhood.constprop	24	static
../application/source/functions/sms.c:2409:13:smsDecodeStandardPayload.constprop.isra	560	static
../application/source/functions/sms.c:249:6:smsInit	8	static
../application/source/functions/sms.c:2605:17:smsPackMessage	1024	static
../application/source/functions/sms.c:2663:17:smsQueueMessage	8	static
../application/source/functions/sms.c:2670:6:smsHasQueuedMessage	0	static
../application/source/functions/sms.c:2675:29:smsGetQueuedMessage	0	static
../application/source/functions/sms.c:2680:6:smsClearQueuedMessage	0	static
../application/source/functions/sms.c:2736:6:smsScheduleQueuedMessageTransmission	16	static
../application/source/functions/sms.c:2784:6:smsNotifyOutgoingAckReceived	0	static
../application/source/functions/sms.c:2795:6:smsNotifyOutgoingRejected	0	static
../application/source/functions/sms.c:2806:6:smsNotifyOutgoingNoRepeater	0	static
../application/source/functions/sms.c:2817:6:smsNotifyOutgoingSent	0	static
../application/source/functions/sms.c:2828:6:smsRetryLastOutgoingMessage	16	static
../application/source/functions/sms.c:2851:14:smsConsumeTxEvent	0	static
../application/source/functions/sms.c:3234:6:smsHandleReceivedDataFrame	32	static
../application/source/functions/sms.c:3365:9:smsGetInboxCount	0	static
../application/source/functions/sms.c:3370:6:smsGetInboxMessage	40	static
../application/source/functions/sms.c:3395:6:smsDeleteInboxMessage	520	static
../application/source/functions/sms.c:3440:6:smsClearInbox	32	static
../application/source/functions/sms.c:3463:9:smsGetSentCount	0	static
../application/source/functions/sms.c:3468:6:smsGetSentMessage	40	static
../application/source/functions/sms.c:504:13:smsStorageBuildSnapshot.part.0	280	static
../application/source/functions/sms.c:566:13:smsStoragePersist	6304	static
../application/source/functions/sms.c:3493:6:smsStoreSentMessage	8	static
../application/source/functions/sms.c:3188:6:smsTick	296	static
../application/source/functions/sms.c:3504:6:smsDeleteSentMessage	520	static
../application/source/functions/sms.c:3545:6:smsClearSent	32	static
../application/source/functions/sms.c:3565:9:smsGetQuickTextCount	0	static
../application/source/functions/sms.c:3570:6:smsGetQuickTextMessage	6328	static
../application/source/functions/sms.c:3595:6:smsStoreQuickTextMessage	6328	static
../application/source/functions/sms.c:3620:6:smsUpdateQuickTextMessage	6328	static
../application/source/functions/sms.c:3643:6:smsDeleteQuickTextMessage	6328	static
../application/source/functions/sms.c:3670:17:smsQueueSentMessage	248	static
../application/source/functions/sms.c:3682:6:smsHasRxNotification	0	static
../application/source/functions/sms.c:3687:6:smsConsumeRxNotification	0	static
../application/source/functions/sms.c:3694:6:smsInboxStorageTick	16	static
