../application/source/applicationMain.c:196:13:rxBeepsCarrierEndCallback	0	static
../application/source/applicationMain.c:189:13:rxBeepsMustPlayMelody	8	static
../application/source/applicationMain.c:290:13:validateSmsTimeoutCallback	16	static
../application/source/applicationMain.c:201:13:rxBeepsHandler	16	static
../application/source/applicationMain.c:326:13:latchedSk2Callback	0	static
../application/source/applicationMain.c:312:13:settingsUpdateAudioAlert	8	static
../application/source/applicationMain.c:271:13:validateUpdateCallback	8	static
../application/source/applicationMain.c:335:6:applicationMainTask	112	static
../application/source/applicationMain.c:1461:6:applicationStandbyPowerLoop	72	static,ignoring_inline_asm
