../application/source/user_interface/uiVFOMode.c:3918:13:clearNuisance	8	static
../application/source/user_interface/uiVFOMode.c:3416:13:setCurrentFreqToScanLimits	16	static
../application/source/user_interface/uiVFOMode.c:2239:13:vfoSweepDrawSample	32	static
../application/source/user_interface/uiVFOMode.c:2270:13:vfoSweepUpdateSamples	224	static
../application/source/user_interface/uiVFOMode.c:976:13:checkAndFixIndexInRxGroup	0	static
../application/source/user_interface/uiVFOMode.c:1004:13:toggleAnalogBandwidth	8	static
../application/source/user_interface/uiVFOMode.c:2438:13:stepFrequency	24	static
../application/source/user_interface/uiVFOMode.c:2346:13:setSweepIncDecSetting	16	static
../application/source/user_interface/uiVFOMode.c:3386:13:updateTrxID	16	static
../application/source/user_interface/uiVFOMode.c:2649:13:updateQuickMenuScreen	120	static
../application/source/user_interface/uiVFOMode.c:3558:13:scanInit	24	static
../application/source/user_interface/uiVFOMode.c:2550:13:validateNewChannel	136	static
../application/source/user_interface/uiVFOMode.c:837:13:updateFrequency.constprop	24	static
../application/source/user_interface/uiVFOMode.c:788:6:uiVFOModeIsTXFocused	0	static
../application/source/user_interface/uiVFOMode.c:985:6:uiVFOLoadContact	0	static
../application/source/user_interface/uiVFOMode.c:878:6:uiVFOModeLoadChannelData	96	static
../application/source/user_interface/uiVFOMode.c:3319:6:uiVFOModeIsScanning	0	static
../application/source/user_interface/uiVFOMode.c:3324:6:uiVFOModeDualWatchIsScanning	8	static
../application/source/user_interface/uiVFOMode.c:3330:6:uiVFOModeSweepScanning	8	static
../application/source/user_interface/uiVFOMode.c:436:6:uiVFOModeUpdateScreen	96	static
../application/source/user_interface/uiVFOMode.c:2163:13:handleUpKey	24	static
../application/source/user_interface/uiVFOMode.c:2206:13:handleDownKey	16	static
../application/source/user_interface/uiVFOMode.c:793:6:uiVFOModeStopScanning	16	static
../application/source/user_interface/uiVFOMode.c:2503:14:uiVFOModeQuickMenu	56	static
../application/source/user_interface/uiVFOMode.c:122:14:uiVFOMode	72	static
../application/source/user_interface/uiVFOMode.c:3338:6:uiVFOModeFrequencyScanningIsActiveAndEnabled	16	static
../application/source/user_interface/uiVFOMode.c:3430:6:uiVFOSweepScanModePause	24	static
