../application/source/interfaces/gps.c:583:13:jumpToNextField	8	static
../application/source/interfaces/gps.c:615:12:getNmeaInt	0	static
../application/source/interfaces/gps.c:1140:13:gpsLogByte	8	static
../application/source/interfaces/gps.c:232:17:gpsLatLongConvert	24	static
../application/source/interfaces/gps.c:334:6:gpsProcessChar	12	static
../application/source/interfaces/gps.c:1152:13:gpsLogNMEAData	16	static
../application/source/interfaces/gps.c:538:6:gpsPower.part.0	0	static
../application/source/interfaces/gps.c:297:13:getParam.constprop	32	static
../application/source/interfaces/gps.c:160:6:gpsInit	8	static
../application/source/interfaces/gps.c:354:6:gpsDataInputStartStop	8	static
../application/source/interfaces/gps.c:395:6:gpsOn	8	static
../application/source/interfaces/gps.c:438:6:HAL_UART_RxHalfCpltCallback	16	static
../application/source/interfaces/gps.c:464:6:gpsOnUsingQuickKey	32	static
../application/source/interfaces/gps.c:490:6:HAL_UART_RxCpltCallback	16	static
../application/source/interfaces/gps.c:538:6:gpsPower	0	static
../application/source/interfaces/gps.c:416:6:gpsOff	8	static
../application/source/interfaces/gps.c:742:6:gpsStartBaudRateAutodetection	0	static
../application/source/interfaces/gps.c:749:6:gpsStopBaudRateAutodetection	0	static
../application/source/interfaces/gps.c:755:6:gpsSetBaudRateByIndex	48	static
../application/source/interfaces/gps.c:775:6:gpsTick	312	static
../application/source/interfaces/gps.c:1163:6:gpsLoggingStart	8	static
../application/source/interfaces/gps.c:1194:6:gpsLoggingStop	8	static
../application/source/interfaces/gps.c:1213:6:gpsLoggingClear	16	static
