../application/source/functions/aprs.c:1204:13:aprsBeaconingTxStateTick	32	static
../application/source/functions/aprs.c:1017:15:aprsGetFixedPositionLatitude	16	static
../application/source/functions/aprs.c:1055:15:aprsGetFixedPositionLongitude	16	static
../application/source/functions/aprs.c:287:13:enqueueBit.constprop	8	static
../application/source/functions/aprs.c:325:13:enqueueCharNrzi.constprop	32	static
../application/source/functions/aprs.c:360:13:enqueueString.constprop	16	static
../application/source/functions/aprs.c:953:13:aprsBeaconingStateSetEnable.isra	0	static
../application/source/functions/aprs.c:858:6:aprsBitStreamSender	24	static
../application/source/functions/aprs.c:1100:10:aprsBeaconingGetBearing	16	static
../application/source/functions/aprs.c:1292:6:aprsBeaconingInit	8	static
../application/source/functions/aprs.c:1310:6:aprsBeaconingStop	32	static
../application/source/functions/aprs.c:1367:6:aprsBeaconingPrepareSatelliteConfig	24	static
../application/source/functions/aprs.c:1411:6:aprsBeaconingSetCurrentLocation	0	static
../application/source/functions/aprs.c:1417:6:aprsBeaconingInvalidateFixedPosition	0	static
../application/source/functions/aprs.c:1332:6:aprsBeaconingResetTimers	16	static
../application/source/functions/aprs.c:1299:6:aprsBeaconingStart	16	static
../application/source/functions/aprs.c:1422:6:aprsBeaconingIsSuspended	0	static
../application/source/functions/aprs.c:1427:6:aprsBeaconingSetSuspend	8	static
../application/source/functions/aprs.c:1448:6:aprsBeaconingToggles	40	static
../application/source/functions/aprs.c:1462:21:aprsBeaconingGetMode	0	static
../application/source/functions/aprs.c:1468:6:aprsBeaconingSendBeacon	200	static
../application/source/functions/aprs.c:1701:6:aprsBeaconingIsTransmitting	0	static
../application/source/functions/aprs.c:1706:6:aprsBeaconingForcedManualBeaconingTriggered	0	static
../application/source/functions/aprs.c:1711:6:aprsBeaconingOnDifferentFrequency	8	static
../application/source/functions/aprs.c:1719:6:aprsBeaconingHasSatelliteConfiguration	0	static
../application/source/functions/aprs.c:1724:6:aprsBeaconingUpdateConfigurationFromSystemSettings	0	static
../application/source/functions/aprs.c:1751:6:aprsBeaconingUpdateSystemSettingsFromConfiguration	16	static
../application/source/functions/aprs.c:1778:6:aprsBeaconingGetSettings	0	static
../application/source/functions/aprs.c:1783:6:aprsBeaconingSetSettings	16	static
../application/source/functions/aprs.c:1794:6:aprsBeaconingTick	56	static
