../application/source/functions/settings.c:699:13:settingsVFOSanityCheck	16	static
../application/source/functions/settings.c:95:6:settingsSaveSettings	16	static
../application/source/functions/settings.c:498:6:enableVoicePromptsIfLoaded	0	static
../application/source/functions/settings.c:513:6:settingsEraseCustomContent	0	static
../application/source/functions/settings.c:650:6:settingsIsOptionBitSetFromSettings	0	static
../application/source/functions/settings.c:655:6:settingsIsOptionBitSet	0	static
../application/source/functions/settings.c:660:6:settingsSetDirty	8	static
../application/source/functions/settings.c:520:6:settingsSetBOOL	0	static
../application/source/functions/settings.c:526:6:settingsSetINT8	0	static
../application/source/functions/settings.c:532:6:settingsSetUINT8	0	static
../application/source/functions/settings.c:538:6:settingsSetINT16	0	static
../application/source/functions/settings.c:544:6:settingsSetUINT16	0	static
../application/source/functions/settings.c:550:6:settingsSetINT32	0	static
../application/source/functions/settings.c:556:6:settingsSetUINT32	0	static
../application/source/functions/settings.c:562:6:settingsIncINT8	0	static
../application/source/functions/settings.c:568:6:settingsIncUINT8	0	static
../application/source/functions/settings.c:574:6:settingsIncINT16	0	static
../application/source/functions/settings.c:580:6:settingsIncUINT16	0	static
../application/source/functions/settings.c:586:6:settingsIncINT32	0	static
../application/source/functions/settings.c:592:6:settingsIncUINT32	0	static
../application/source/functions/settings.c:598:6:settingsDecINT8	0	static
../application/source/functions/settings.c:604:6:settingsDecUINT8	0	static
../application/source/functions/settings.c:610:6:settingsDecINT16	0	static
../application/source/functions/settings.c:616:6:settingsDecUINT16	0	static
../application/source/functions/settings.c:622:6:settingsDecINT32	0	static
../application/source/functions/settings.c:628:6:settingsDecUINT32	0	static
../application/source/functions/settings.c:635:6:settingsSetOptionBit	4	static
../application/source/functions/settings.c:322:6:settingsRestoreDefaultSettings	16	static
../application/source/functions/settings.c:131:6:settingsLoadSettings	120	static
../application/source/functions/settings.c:669:6:settingsSetVFODirty	8	static
../application/source/functions/settings.c:678:6:settingsSaveIfNeeded	8	static
../application/source/functions/settings.c:693:5:settingsGetScanStepTimeMilliseconds	0	static
../application/source/functions/settings.c:714:6:settingsLocationIsValid	0	static
../application/source/functions/settings.c:719:8:settingsLocationGetLatitude	0	static
../application/source/functions/settings.c:724:8:settingsLocationGetLongitude	0	static
