../application/source/functions/trx.c:906:13:trxUpdateC6000Calibration	16	static
../application/source/functions/trx.c:917:13:trxUpdateRadioCalibration	8	static
../application/source/functions/trx.c:205:9:trxGetAnalogFilterLevel	0	static
../application/source/functions/trx.c:210:6:trxSetAnalogFilterLevel	0	static
../application/source/functions/trx.c:215:5:trxGetMode	0	static
../application/source/functions/trx.c:220:6:trxGetBandwidthIs25kHz	0	static
../application/source/functions/trx.c:225:6:trxSetModeAndBandwidth	24	static
../application/source/functions/trx.c:304:10:trxGetNextOrPrevBandFromFrequency	0	static
../application/source/functions/trx.c:340:10:trxGetBandFromFrequency	0	static
../application/source/functions/trx.c:353:6:trxCheckFrequencyInAmateurBand	0	static
../application/source/functions/trx.c:372:6:trxReadVoxAndMicStrength	0	static
../application/source/functions/trx.c:379:6:trxPostponeReadRSSIAndNoise	0	static
../application/source/functions/trx.c:385:6:trxReadRSSIAndNoise	8	static
../application/source/functions/trx.c:394:6:trxCarrierDetected	8	static
../application/source/functions/trx.c:426:6:trxCheckDigitalSquelch	16	static
../application/source/functions/trx.c:475:6:trxTerminateCheckAnalogSquelch	8	static
../application/source/functions/trx.c:639:6:trxResetSquelchesState	0	static
../application/source/functions/trx.c:645:6:trxSetFrequency	24	static
../application/source/functions/trx.c:719:10:trxGetFrequency	0	static
../application/source/functions/trx.c:762:6:trxActivateRx	16	static
../application/source/functions/trx.c:729:6:trxSetRX	0	static
../application/source/functions/trx.c:788:6:trxActivateTx	8	static
../application/source/functions/trx.c:807:6:trxActivateDMRTx	8	static
../application/source/functions/trx.c:814:6:trxFastDMRTx	0	static
../application/source/functions/trx.c:819:6:trxSetPowerFromLevel	0	static
../application/source/functions/trx.c:824:6:trxUpdate_PA_DAC_Drive	0	static
../application/source/functions/trx.c:737:6:trxConfigurePA_DAC_ForFrequencyBand	8	static
../application/source/functions/trx.c:750:6:trxSetTX	8	static
../application/source/functions/trx.c:871:10:trxGetPA_DAC_Drive	0	static
../application/source/functions/trx.c:876:9:trxGetPowerLevel	0	static
../application/source/functions/trx.c:881:6:trxCalcBandAndFrequencyOffset	0	static
../application/source/functions/trx.c:939:6:trxSetDMRColourCode	8	static
../application/source/functions/trx.c:953:9:trxGetDMRColourCode	0	static
../application/source/functions/trx.c:958:5:trxGetDMRTimeSlot	0	static
../application/source/functions/trx.c:963:6:trxSetDMRTimeSlot	16	static
../application/source/functions/trx.c:981:6:trxUpdateTsForCurrentChannelWithSpecifiedContact	8	static
../application/source/functions/trx.c:1015:6:trxSetTxCSS	8	static
../application/source/functions/trx.c:1040:6:trxSetRxCSS	16	static
../application/source/functions/trx.c:1076:6:trxCheckCSSFlag	8	static
../application/source/functions/trx.c:483:6:trxCheckAnalogSquelch	24	static
../application/source/functions/trx.c:1083:9:trxGetCalibrationVoiceGainTx	0	static
../application/source/functions/trx.c:1088:6:trxSetTone1	0	static
../application/source/functions/trx.c:1093:6:trxSetDTMF	0	static
../application/source/functions/trx.c:1101:6:trxDTMFoff	0	static
../application/source/functions/trx.c:1122:6:trxSetMicGainFM	0	static
../application/source/functions/trx.c:1127:6:trxEnableTransmission	8	static
../application/source/functions/trx.c:1134:6:trxDisableTransmission	8	static
../application/source/functions/trx.c:1141:6:trxPowerUpDownRxAndC6000	144	static
../application/source/functions/trx.c:1225:6:trxInvalidateCurrentFrequency	0	static
../application/source/functions/trx.c:1234:6:trxSelectVoiceChannel	0	static
../application/source/functions/trx.c:1239:6:trxRxAndTxOff	0	static
../application/source/functions/trx.c:1244:6:trxRxOn	0	static
../application/source/functions/trx.c:1261:5:trxGetRSSIdBm	8	static
../application/source/functions/trx.c:1277:5:trxGetNoisedBm	0	static
../application/source/functions/trx.c:1295:5:trxGetSNRMargindBm	8	static
../application/source/functions/trx.c:1300:9:trxGetSignalRaw	0	static
../application/source/functions/trx.c:1305:9:trxGetNoiseRaw	0	static
