../application/source/functions/aprs.c:1203:13:aprsBeaconingTxStateTick	32	static
../application/source/functions/aprs.c:1016:15:aprsGetFixedPositionLatitude	16	static
../application/source/functions/aprs.c:1054:15:aprsGetFixedPositionLongitude	16	static
../application/source/functions/aprs.c:287:13:enqueueBit.constprop	8	static
../application/source/functions/aprs.c:325:13:enqueueCharNrzi.constprop	32	static
../application/source/functions/aprs.c:360:13:enqueueString.constprop	16	static
../application/source/functions/aprs.c:952:13:aprsBeaconingStateSetEnable.isra	0	static
../application/source/functions/aprs.c:857:6:aprsBitStreamSender	24	static
../application/source/functions/aprs.c:1099:10:aprsBeaconingGetBearing	16	static
../application/source/functions/aprs.c:1291:6:aprsBeaconingInit	8	static
../application/source/functions/aprs.c:1309:6:aprsBeaconingStop	32	static
../application/source/functions/aprs.c:1366:6:aprsBeaconingPrepareSatelliteConfig	24	static
../application/source/functions/aprs.c:1410:6:aprsBeaconingSetCurrentLocation	0	static
../application/source/functions/aprs.c:1416:6:aprsBeaconingInvalidateFixedPosition	0	static
../application/source/functions/aprs.c:1331:6:aprsBeaconingResetTimers	16	static
../application/source/functions/aprs.c:1298:6:aprsBeaconingStart	16	static
../application/source/functions/aprs.c:1421:6:aprsBeaconingIsSuspended	0	static
../application/source/functions/aprs.c:1426:6:aprsBeaconingSetSuspend	8	static
../application/source/functions/aprs.c:1447:6:aprsBeaconingToggles	40	static
../application/source/functions/aprs.c:1461:21:aprsBeaconingGetMode	0	static
../application/source/functions/aprs.c:1467:6:aprsBeaconingSendBeacon	208	static
../application/source/functions/aprs.c:1700:6:aprsBeaconingIsTransmitting	0	static
../application/source/functions/aprs.c:1705:6:aprsBeaconingForcedManualBeaconingTriggered	0	static
../application/source/functions/aprs.c:1710:6:aprsBeaconingOnDifferentFrequency	8	static
../application/source/functions/aprs.c:1718:6:aprsBeaconingHasSatelliteConfiguration	0	static
../application/source/functions/aprs.c:1723:6:aprsBeaconingUpdateConfigurationFromSystemSettings	0	static
../application/source/functions/aprs.c:1750:6:aprsBeaconingUpdateSystemSettingsFromConfiguration	16	static
../application/source/functions/aprs.c:1777:6:aprsBeaconingGetSettings	0	static
../application/source/functions/aprs.c:1782:6:aprsBeaconingSetSettings	16	static
../application/source/functions/aprs.c:1793:6:aprsBeaconingTick	56	static
