../application/source/functions/sms.c:256:17:smsStorageChecksum	12	static
../application/source/functions/sms.c:749:13:smsIsPrintableCharacter	0	static
../application/source/functions/sms.c:1517:13:smsDecodeUtf8Payload	36	static
../application/source/functions/sms.c:2091:17:smsCrc32Compute	12	static
../application/source/functions/sms.c:2131:17:smsUdpChecksum	16	static
../application/source/functions/sms.c:1940:13:smsResetRxAssembly	8	static
../application/source/functions/sms.c:318:13:smsStorageReadHeader	8	static
../application/source/functions/sms.c:392:13:smsStorageUpdateChecksum	104	static
../application/source/functions/sms.c:382:13:smsStorageWriteHeader.part.0	0	static
../application/source/functions/sms.c:900:13:smsStoreSentMessageInternal	520	static
../application/source/functions/sms.c:2110:17:smsIpHeaderChecksum.constprop	12	static
../application/source/functions/sms.c:2472:17:smsCrc16Ccitt.constprop	12	static
../application/source/functions/sms.c:1127:17:smsCountCharOccurrence.part.0.constprop	0	static
../application/source/functions/sms.c:1147:16:smsScoreDecodedText	40	static
../application/source/functions/sms.c:839:13:smsStoreInboxMessage.constprop	520	static
../application/source/functions/sms.c:960:13:smsDecodeUtf16Payload	48	static
../application/source/functions/sms.c:2268:13:smsDecodeMotorolaPayload.constprop	560	static
../application/source/functions/sms.c:276:13:smsStorageChecksumFromEeprom.constprop	104	static
../application/source/functions/sms.c:546:13:smsStorageLoad	1040	static
../application/source/functions/sms.c:1335:13:smsTryAdoptDecodedCandidate.constprop.isra	256	static
../application/source/functions/sms.c:1352:13:smsTryDecodeWindowDirect.constprop.isra	24	static
../application/source/functions/sms.c:1388:13:smsTryDecodeWindowNeighborhood.constprop	24	static
../application/source/functions/sms.c:2380:13:smsDecodeStandardPayload.constprop.isra	560	static
../application/source/functions/sms.c:228:6:smsInit	8	static
../application/source/functions/sms.c:2576:17:smsPackMessage	1024	static
../application/source/functions/sms.c:2634:17:smsQueueMessage	8	static
../application/source/functions/sms.c:2641:6:smsHasQueuedMessage	0	static
../application/source/functions/sms.c:2646:29:smsGetQueuedMessage	0	static
../application/source/functions/sms.c:2651:6:smsClearQueuedMessage	0	static
../application/source/functions/sms.c:2657:6:smsRegisterOutgoingMessage	16	static
../application/source/functions/sms.c:2673:6:smsNotifyOutgoingAckReceived	0	static
../application/source/functions/sms.c:2684:6:smsNotifyOutgoingRejected	0	static
../application/source/functions/sms.c:2695:6:smsNotifyOutgoingNoRepeater	0	static
../application/source/functions/sms.c:2706:6:smsNotifyOutgoingSent	0	static
../application/source/functions/sms.c:2717:6:smsRetryLastOutgoingMessage	16	static
../application/source/functions/sms.c:2744:14:smsConsumeTxEvent	0	static
../application/source/functions/sms.c:3081:6:smsTick	296	static
../application/source/functions/sms.c:3124:6:smsHandleReceivedDataFrame	32	static
../application/source/functions/sms.c:3255:9:smsGetInboxCount	0	static
../application/source/functions/sms.c:3260:6:smsGetInboxMessage	40	static
../application/source/functions/sms.c:3285:6:smsDeleteInboxMessage	520	static
../application/source/functions/sms.c:3330:6:smsClearInbox	32	static
../application/source/functions/sms.c:3353:9:smsGetSentCount	0	static
../application/source/functions/sms.c:3358:6:smsGetSentMessage	40	static
../application/source/functions/sms.c:476:13:smsStorageBuildSnapshot.part.0	280	static
../application/source/functions/sms.c:538:13:smsStoragePersist	6304	static
../application/source/functions/sms.c:3383:6:smsStoreSentMessage	8	static
../application/source/functions/sms.c:3394:6:smsDeleteSentMessage	520	static
../application/source/functions/sms.c:3435:6:smsClearSent	32	static
../application/source/functions/sms.c:3455:9:smsGetQuickTextCount	0	static
../application/source/functions/sms.c:3460:6:smsGetQuickTextMessage	6328	static
../application/source/functions/sms.c:3485:6:smsStoreQuickTextMessage	6328	static
../application/source/functions/sms.c:3510:6:smsUpdateQuickTextMessage	6328	static
../application/source/functions/sms.c:3533:6:smsDeleteQuickTextMessage	6328	static
../application/source/functions/sms.c:3560:17:smsQueueSentMessage	248	static
../application/source/functions/sms.c:3572:6:smsHasRxNotification	0	static
../application/source/functions/sms.c:3577:6:smsConsumeRxNotification	0	static
../application/source/functions/sms.c:3584:6:smsInboxStorageTick	16	static
