../application/source/hardware/HR-C6000.c:2103:13:hrc6000InitDigitalState	0	static
../application/source/hardware/HR-C6000.c:2306:13:hrc6000SendPcOrTgLCHeader	24	static
../application/source/hardware/HR-C6000.c:368:13:hrc6000WriteSPIRegister0x04Multi	16	static
../application/source/hardware/HR-C6000.c:596:13:hrc6000CheckColourCodeFilter	8	static
../application/source/hardware/HR-C6000.c:1494:13:hrc6000TransitionToTx	8	static
../application/source/hardware/HR-C6000.c:476:20:hrc6000CrcIsValid	8	static
../application/source/hardware/HR-C6000.c:486:12:hrc6000GetTSTimeoutValue	0	static
../application/source/hardware/HR-C6000.c:504:20:hrc6000CheckTimeSlotFilter	16	static
../application/source/hardware/HR-C6000.c:2167:13:hrc6000SendSMSFrame	8	static
../application/source/hardware/HR-C6000.c:2064:20:hrc6000RxInterruptHandler	0	static
../application/source/hardware/HR-C6000.c:1513:6:hrc6000TxBurstCallback	16	static
../application/source/hardware/HR-C6000.c:342:9:getCurrentTATxFlag	16	static
../application/source/hardware/HR-C6000.c:471:6:HRC6000SetMicGainDMR	0	static
../application/source/hardware/HR-C6000.c:535:6:HRC6000CheckTalkGroupFilter	8	static
../application/source/hardware/HR-C6000.c:2077:6:hrc6000TxInterruptHandler	8	static
../application/source/hardware/HR-C6000.c:2090:6:hrc6000SetInIRQHandler	0	static
../application/source/hardware/HR-C6000.c:2185:6:HRC6000InitInterrupts	8	static
../application/source/hardware/HR-C6000.c:2214:6:HRC6000ResetTimeSlotDetection	16	static
../application/source/hardware/HR-C6000.c:2281:6:HRC6000TerminateDigital	8	static
../application/source/hardware/HR-C6000.c:2788:6:HRC6000InitTask	16	static
../application/source/hardware/HR-C6000.c:2804:6:HRC6000ClearIsWakingState	0	static
../application/source/hardware/HR-C6000.c:2809:5:HRC6000GetIsWakingState	0	static
../application/source/hardware/HR-C6000.c:2814:6:HRC6000ClearActiveDMRID	0	static
../application/source/hardware/HR-C6000.c:1310:6:hrc6000SysInterruptHandler	80	static
../application/source/hardware/HR-C6000.c:2822:6:HRC6000ResyncTimeSlot	8	static
../application/source/hardware/HR-C6000.c:2858:10:HRC6000GetReceivedTgOrPcId	0	static
../application/source/hardware/HR-C6000.c:2863:10:HRC6000GetReceivedSrcId	0	static
../application/source/hardware/HR-C6000.c:2868:6:HRC6000ClearTimecodeSynchronisation	0	static
../application/source/hardware/HR-C6000.c:2873:6:HRC6000ClearColorCodeSynchronisation	0	static
../application/source/hardware/HR-C6000.c:2884:6:HRC6000SetTalkerAlias	0	static
../application/source/hardware/HR-C6000.c:2889:6:HRC6000SetTalkerAliasLocation	16	static
../application/source/hardware/HR-C6000.c:2907:6:HRC6000StartQueuedSMS	32	static
../application/source/hardware/HR-C6000.c:2969:6:HRC6000IsSendingSMS	0	static
../application/source/hardware/HR-C6000.c:2974:6:HRC6000IRQHandlerIsRunning	0	static
../application/source/hardware/HR-C6000.c:2979:6:HRC6000HasGotSync	0	static
../application/source/hardware/HR-C6000.c:2984:6:HRC6000SetMicGainFM	0	static
../application/source/hardware/HR-C6000.c:2989:6:HRC6000SetFMTx	16	static
../application/source/hardware/HR-C6000.c:3061:6:HRC6000SetFMRx	8	static
../application/source/hardware/HR-C6000.c:3073:6:HRC6000SetDMR	8	static
../application/source/hardware/HR-C6000.c:2192:6:HRC6000InitDigitalDmrRx	8	static
../application/source/hardware/HR-C6000.c:1522:6:hrc6000TimeslotInterruptHandler	48	static
../application/source/hardware/HR-C6000.c:2247:6:HRC6000InitDigital	8	static
../application/source/hardware/HR-C6000.c:2764:13:hrc6000TaskFunction	8	static
../application/source/hardware/HR-C6000.c:3092:6:HRC6000SetTxCTCSS	8	static
../application/source/hardware/HR-C6000.c:3107:6:HRC6000SetTxDCS	16	static
../application/source/hardware/HR-C6000.c:3131:6:HRC6000SetRxDCS	16	static
../application/source/hardware/HR-C6000.c:3154:6:HRC6000SetRxCTCSS	8	static
../application/source/hardware/HR-C6000.c:3163:6:HRC6000CheckCSS	16	static
../application/source/hardware/HR-C6000.c:3172:6:HRC6000SetLineOut	0	static
../application/source/hardware/HR-C6000.c:3177:6:HRC6000SetMic	0	static
../application/source/hardware/HR-C6000.c:3182:6:HRC6000SetFmAudio	8	static
../application/source/hardware/HR-C6000.c:3196:6:HRC6000MuteFmAudio	0	static
../application/source/hardware/HR-C6000.c:3209:6:HRC6000GetTone1Config	0	static
../application/source/hardware/HR-C6000.c:3214:6:HRC6000SetTone1Config	0	static
../application/source/hardware/HR-C6000.c:3220:6:HRC6000SetDTMF	8	static
../application/source/hardware/HR-C6000.c:3261:6:HRC6000DTMFoff	8	static
../application/source/hardware/HR-C6000.c:3274:6:HRC6000SendTone	16	static
../application/source/hardware/HR-C6000.c:3289:6:HRC6000InitDTMF	8	static
../application/source/hardware/HR-C6000.c:378:6:HRC6000Init	136	static
../application/source/hardware/HR-C6000.c:3310:6:HRC6000SetDmrRxGain	8	static
../application/source/hardware/HR-C6000.c:453:6:HRC6000FlushMusic	136	static
../application/source/hardware/HR-C6000.c:3319:6:HRC6000SetDmrAGCGain	0	static
../application/source/hardware/HR-C6000.c:3325:6:HRC6000CCIsHeld	0	static
