../Core/Src/main.c:102:12:getNumInterruptPrioritysBits	24	static
../Core/Src/main.c:153:5:main	8	static
../Core/Src/main.c:255:6:SystemClock_Config	88	static
../Core/Src/main.c:302:13:MX_ADC1_Init	24	static
../Core/Src/main.c:427:13:MX_ADC2_Init	24	static
../Core/Src/main.c:479:13:MX_DAC_Init	16	static
../Core/Src/main.c:529:13:MX_I2S3_Init	8	static
../Core/Src/main.c:563:13:MX_RTC_Init	8	static
../Core/Src/main.c:598:13:MX_SPI1_Init	8	static
../Core/Src/main.c:636:13:MX_SPI2_Init	8	static
../Core/Src/main.c:674:13:MX_TIM3_Init	64	static
../Core/Src/main.c:733:13:MX_TIM4_Init	64	static
../Core/Src/main.c:792:13:MX_TIM6_Init	4	static
../Core/Src/main.c:814:13:MX_USART1_UART_Init	8	static
../Core/Src/main.c:845:13:MX_DMA_Init	16	static
../Core/Src/main.c:870:13:MX_GPIO_Init	56	static
../Core/Src/main.c:1040:6:MX_USART3_UART_Init	8	static
../Core/Src/main.c:1066:6:StartDefaultTask	16	static
../Core/Src/main.c:1083:6:HAL_TIM_PeriodElapsedCallback	16	static
../Core/Src/main.c:1100:6:Error_Handler	4	static
