../Core/Src/stm32f4xx_hal_msp.c:74:6:HAL_MspInit	8	static
../Core/Src/stm32f4xx_hal_msp.c:98:6:HAL_ADC_MspInit	64	static
../Core/Src/stm32f4xx_hal_msp.c:185:6:HAL_ADC_MspDeInit	8	static
../Core/Src/stm32f4xx_hal_msp.c:263:6:HAL_DAC_MspInit	40	static
../Core/Src/stm32f4xx_hal_msp.c:300:6:HAL_DAC_MspDeInit	0	static
../Core/Src/stm32f4xx_hal_msp.c:338:6:HAL_I2S_MspInit	72	static
../Core/Src/stm32f4xx_hal_msp.c:440:6:HAL_I2S_MspDeInit	8	static
../Core/Src/stm32f4xx_hal_msp.c:476:6:HAL_RTC_MspInit	24	static
../Core/Src/stm32f4xx_hal_msp.c:509:6:HAL_RTC_MspDeInit	0	static
../Core/Src/stm32f4xx_hal_msp.c:531:6:HAL_SPI_MspInit	48	static
../Core/Src/stm32f4xx_hal_msp.c:593:6:HAL_SPI_MspDeInit	0	static
../Core/Src/stm32f4xx_hal_msp.c:642:6:HAL_TIM_Base_MspInit	24	static
../Core/Src/stm32f4xx_hal_msp.c:683:6:HAL_TIM_MspPostInit	40	static
../Core/Src/stm32f4xx_hal_msp.c:735:6:HAL_TIM_Base_MspDeInit	0	static
../Core/Src/stm32f4xx_hal_msp.c:789:6:HAL_UART_MspInit	56	static
../Core/Src/stm32f4xx_hal_msp.c:906:6:HAL_UART_MspDeInit	8	static
