../Core/Src/stm32f4xx_it.c:89:6:NMI_Handler	0	static
../Core/Src/stm32f4xx_it.c:102:6:HardFault_Handler	0	static
../Core/Src/stm32f4xx_it.c:117:6:MemManage_Handler	0	static
../Core/Src/stm32f4xx_it.c:132:6:BusFault_Handler	0	static
../Core/Src/stm32f4xx_it.c:147:6:UsageFault_Handler	0	static
../Core/Src/stm32f4xx_it.c:162:6:DebugMon_Handler	0	static
../Core/Src/stm32f4xx_it.c:182:6:EXTI0_IRQHandler	0	static
../Core/Src/stm32f4xx_it.c:196:6:EXTI1_IRQHandler	0	static
../Core/Src/stm32f4xx_it.c:210:6:EXTI2_IRQHandler	0	static
../Core/Src/stm32f4xx_it.c:224:6:DMA1_Stream0_IRQHandler	0	static
../Core/Src/stm32f4xx_it.c:238:6:DMA1_Stream5_IRQHandler	0	static
../Core/Src/stm32f4xx_it.c:252:6:ADC_IRQHandler	8	static
../Core/Src/stm32f4xx_it.c:267:6:USART1_IRQHandler	0	static
../Core/Src/stm32f4xx_it.c:281:6:EXTI15_10_IRQHandler	0	static
../Core/Src/stm32f4xx_it.c:295:6:TIM8_TRG_COM_TIM14_IRQHandler	0	static
../Core/Src/stm32f4xx_it.c:309:6:TIM6_DAC_IRQHandler	8	static
../Core/Src/stm32f4xx_it.c:324:6:DMA2_Stream2_IRQHandler	0	static
../Core/Src/stm32f4xx_it.c:338:6:OTG_FS_IRQHandler	0	static
../Core/Src/stm32f4xx_it.c:351:6:DMA1_Stream1_IRQHandler	0	static
../Core/Src/stm32f4xx_it.c:357:6:DMA1_Stream3_IRQHandler	0	static
../Core/Src/stm32f4xx_it.c:363:6:USART3_IRQHandler	0	static
../Core/Src/stm32f4xx_it.c:369:6:HAL_GPIO_EXTI_Callback	8	static
../Core/Src/stm32f4xx_it.c:399:6:HAL_IncTick	0	static
