../application/source/user_interface/menuSMS.c:296:13:smsMenuRender	48	static
../application/source/user_interface/menuSMS.c:932:13:smsComposeInsertChar	32	static
../application/source/user_interface/menuSMS.c:872:13:smsComposeRenderDestinationSelect	40	static
../application/source/user_interface/menuSMS.c:524:13:smsRxRespondRender	40	static
../application/source/user_interface/menuSMS.c:908:13:smsComposeRenderManualIdEntry	32	static
../application/source/user_interface/menuSMS.c:496:13:smsRxPopupRender	72	static
../application/source/user_interface/menuSMS.c:2004:13:smsOptionsRender	64	static
../application/source/user_interface/menuSMS.c:715:13:smsDrawTextCursor	32	static
../application/source/user_interface/menuSMS.c:735:13:smsComposeRender	96	static
../application/source/user_interface/menuSMS.c:373:13:smsQuickTextEditRender	72	static
../application/source/user_interface/menuSMS.c:608:13:smsInboxRender	136	static
../application/source/user_interface/menuSMS.c:662:13:smsSentRender	136	static
../application/source/user_interface/menuSMS.c:560:13:smsViewRender	112	static
../application/source/user_interface/menuSMS.c:321:13:smsQuickTextRender	144	static
../application/source/user_interface/menuSMS.c:145:13:smsGetSourceDisplayText.part.0.constprop	48	static
../application/source/user_interface/menuSMS.c:813:13:smsComposeRenderContactSelect	112	static
../application/source/user_interface/menuSMS.c:957:13:smsSendBuffer	32	static
../application/source/user_interface/menuSMS.c:993:14:menuSMSMenu	8	static
../application/source/user_interface/menuSMS.c:1049:14:menuSMSCompose	64	static
../application/source/user_interface/menuSMS.c:1381:14:menuSMSInbox	48	static
../application/source/user_interface/menuSMS.c:1462:14:menuSMSSent	96	static
../application/source/user_interface/menuSMS.c:1543:14:menuSMSQuickText	112	static
../application/source/user_interface/menuSMS.c:1646:14:menuSMSQuickTextEdit	40	static
../application/source/user_interface/menuSMS.c:1792:14:menuSMSRxPopup	16	static
../application/source/user_interface/menuSMS.c:1940:14:menuSMSView	96	static
../application/source/user_interface/menuSMS.c:2042:14:menuSMSOptions	8	static
