../application/source/functions/settings.c:665:13:settingsVFOSanityCheck	16	static
../application/source/functions/settings.c:87:6:settingsSaveSettings	8	static
../application/source/functions/settings.c:464:6:enableVoicePromptsIfLoaded	0	static
../application/source/functions/settings.c:479:6:settingsEraseCustomContent	0	static
../application/source/functions/settings.c:486:6:settingsSetBOOL	0	static
../application/source/functions/settings.c:492:6:settingsSetINT8	0	static
../application/source/functions/settings.c:498:6:settingsSetUINT8	0	static
../application/source/functions/settings.c:504:6:settingsSetINT16	0	static
../application/source/functions/settings.c:510:6:settingsSetUINT16	0	static
../application/source/functions/settings.c:516:6:settingsSetINT32	0	static
../application/source/functions/settings.c:522:6:settingsSetUINT32	0	static
../application/source/functions/settings.c:528:6:settingsIncINT8	0	static
../application/source/functions/settings.c:534:6:settingsIncUINT8	0	static
../application/source/functions/settings.c:540:6:settingsIncINT16	0	static
../application/source/functions/settings.c:546:6:settingsIncUINT16	0	static
../application/source/functions/settings.c:552:6:settingsIncINT32	0	static
../application/source/functions/settings.c:558:6:settingsIncUINT32	0	static
../application/source/functions/settings.c:564:6:settingsDecINT8	0	static
../application/source/functions/settings.c:570:6:settingsDecUINT8	0	static
../application/source/functions/settings.c:576:6:settingsDecINT16	0	static
../application/source/functions/settings.c:582:6:settingsDecUINT16	0	static
../application/source/functions/settings.c:588:6:settingsDecINT32	0	static
../application/source/functions/settings.c:594:6:settingsDecUINT32	0	static
../application/source/functions/settings.c:601:6:settingsSetOptionBit	8	static
../application/source/functions/settings.c:288:6:settingsRestoreDefaultSettings	16	static
../application/source/functions/settings.c:616:6:settingsIsOptionBitSetFromSettings	0	static
../application/source/functions/settings.c:621:6:settingsIsOptionBitSet	0	static
../application/source/functions/settings.c:117:6:settingsLoadSettings	120	static
../application/source/functions/settings.c:626:6:settingsSetDirty	0	static
../application/source/functions/settings.c:635:6:settingsSetVFODirty	0	static
../application/source/functions/settings.c:644:6:settingsSaveIfNeeded	0	static
../application/source/functions/settings.c:659:5:settingsGetScanStepTimeMilliseconds	0	static
../application/source/functions/settings.c:680:6:settingsLocationIsValid	0	static
../application/source/functions/settings.c:685:8:settingsLocationGetLatitude	0	static
../application/source/functions/settings.c:690:8:settingsLocationGetLongitude	0	static
