../application/source/functions/sms.c:174:13:smsDebugAppendHex8	12	static
../application/source/functions/sms.c:450:17:smsStorageChecksum	12	static
../application/source/functions/sms.c:635:13:smsIsPrintableCharacter	0	static
../application/source/functions/sms.c:693:13:smsDecodeUtf16Payload	48	static
../application/source/functions/sms.c:797:13:smsDecodeAsciiPayload	32	static
../application/source/functions/sms.c:998:13:smsDecodeUtf8Payload	36	static
../application/source/functions/sms.c:1348:13:smsResetRxAssembly	0	static
../application/source/functions/sms.c:570:13:smsStorageLoad	2624	static
../application/source/functions/sms.c:199:13:smsDebugAppendText.part.0	12	static
../application/source/functions/sms.c:1552:17:smsUdpChecksum.constprop	16	static
../application/source/functions/sms.c:1531:17:smsIpHeaderChecksum.constprop	12	static
../application/source/functions/sms.c:1512:17:smsCrc32Compute.constprop	12	static
../application/source/functions/sms.c:845:17:smsCountCharOccurrence.part.0.constprop	0	static
../application/source/functions/sms.c:1210:13:smsDecodeUtf16PayloadByScan.constprop	128	static
../application/source/functions/sms.c:1282:13:smsDecodeUtf8PayloadByScan.constprop	128	static
../application/source/functions/sms.c:313:13:smsDebugFlushQueuedLines.constprop	152	static
../application/source/functions/sms.c:192:13:smsDebugAppendHex24.constprop	16	static
../application/source/functions/sms.c:186:13:smsDebugAppendHex16.constprop	16	static
../application/source/functions/sms.c:336:13:smsDebugLogLine	144	static
../application/source/functions/sms.c:367:13:smsDebugDumpBytes	152	static
../application/source/functions/sms.c:865:13:smsIsBetterDecodedCandidate	24	static
../application/source/functions/sms.c:416:6:smsInit	8	static
../application/source/functions/sms.c:1987:17:smsPackMessage	0	static
../application/source/functions/sms.c:2057:17:smsQueueMessage	0	static
../application/source/functions/sms.c:2072:6:smsHasQueuedMessage	0	static
../application/source/functions/sms.c:2077:29:smsGetQueuedMessage	0	static
../application/source/functions/sms.c:2082:6:smsClearQueuedMessage	0	static
../application/source/functions/sms.c:2088:6:smsRegisterOutgoingMessage	16	static
../application/source/functions/sms.c:2122:6:smsNotifyOutgoingRejected	0	static
../application/source/functions/sms.c:2133:6:smsNotifyOutgoingNoRepeater	0	static
../application/source/functions/sms.c:2144:6:smsNotifyOutgoingSent	0	static
../application/source/functions/sms.c:2106:6:smsNotifyOutgoingAckReceived	0	static
../application/source/functions/sms.c:2155:6:smsRetryLastOutgoingMessage	0	static
../application/source/functions/sms.c:2184:14:smsConsumeTxEvent	0	static
../application/source/functions/sms.c:2191:6:smsTick	0	static
../application/source/functions/sms.c:2235:6:smsDebugTapAirFrame	136	static
../application/source/functions/sms.c:2286:6:smsHandleReceivedDataFrame	808	static
../application/source/functions/sms.c:2788:9:smsGetInboxCount	0	static
../application/source/functions/sms.c:2793:6:smsGetInboxMessage	8	static
../application/source/functions/sms.c:2807:6:smsDeleteInboxMessage	40	static
../application/source/functions/sms.c:2837:6:smsClearInbox	8	static
../application/source/functions/sms.c:2846:9:smsGetSentCount	0	static
../application/source/functions/sms.c:2851:6:smsGetSentMessage	8	static
../application/source/functions/sms.c:495:13:smsStorageBuildSnapshot.part.0	2040	static
../application/source/functions/sms.c:562:13:smsStoragePersist	2008	static
../application/source/functions/sms.c:2865:6:smsStoreSentMessage	16	static
../application/source/functions/sms.c:2876:6:smsDeleteSentMessage	40	static
../application/source/functions/sms.c:2906:6:smsClearSent	8	static
../application/source/functions/sms.c:2914:9:smsGetQuickTextCount	0	static
../application/source/functions/sms.c:2919:6:smsGetQuickTextMessage	2032	static
../application/source/functions/sms.c:2944:6:smsStoreQuickTextMessage	2024	static
../application/source/functions/sms.c:2969:6:smsUpdateQuickTextMessage	2024	static
../application/source/functions/sms.c:2992:6:smsDeleteQuickTextMessage	2032	static
../application/source/functions/sms.c:3019:17:smsQueueSentMessage	80	static
../application/source/functions/sms.c:3031:6:smsHasRxNotification	0	static
../application/source/functions/sms.c:3036:6:smsConsumeRxNotification	0	static
../application/source/functions/sms.c:3043:6:smsInboxStorageTick	16	static
