../application/source/user_interface/uiUtilities.c:1175:13:dmrDbTextDecode	24	static
../application/source/user_interface/uiUtilities.c:1082:13:dmrIDReadContactInFlash	4	static
../application/source/user_interface/uiUtilities.c:2844:22:announceVFOChannelName	8	static
../application/source/user_interface/uiUtilities.c:2576:22:announceZoneName	32	static
../application/source/user_interface/uiUtilities.c:2627:22:announceContactNameTgOrPc	40	static
../application/source/user_interface/uiUtilities.c:2744:22:announceTS	8	static
../application/source/user_interface/uiUtilities.c:2757:22:announceCC	8	static
../application/source/user_interface/uiUtilities.c:3771:13:dtmfStopLocalTone	8	static
../application/source/user_interface/uiUtilities.c:2560:22:announceRadioMode	16	static
../application/source/user_interface/uiUtilities.c:3514:10:cssGetToneFromIndex.part.0	0	static
../application/source/user_interface/uiUtilities.c:2810:13:announceQRG.constprop	40	static
../application/source/user_interface/uiUtilities.c:2247:13:drawHeaderBar.constprop	16	static
../application/source/user_interface/uiUtilities.c:101:6:tsSetManualOverride	0	static
../application/source/user_interface/uiUtilities.c:119:6:tsSetFromContactOverride	0	static
../application/source/user_interface/uiUtilities.c:134:8:tsGetManualOverride	0	static
../application/source/user_interface/uiUtilities.c:141:8:tsGetManualOverrideFromCurrentChannel	0	static
../application/source/user_interface/uiUtilities.c:152:6:tsIsManualOverridden	0	static
../application/source/user_interface/uiUtilities.c:159:6:tsSetContactHasBeenOverriden	0	static
../application/source/user_interface/uiUtilities.c:177:6:tsIsContactHasBeenOverriddenFromCurrentChannel	0	static
../application/source/user_interface/uiUtilities.c:187:6:tsIsContactHasBeenOverridden	0	static
../application/source/user_interface/uiUtilities.c:222:7:chomp	8	static
../application/source/user_interface/uiUtilities.c:1396:13:displaySplitOrSpanText.part.0.constprop	80	static
../application/source/user_interface/uiUtilities.c:258:9:getFirstSpacePos	0	static
../application/source/user_interface/uiUtilities.c:276:6:getCallsignOnly	16	static
../application/source/user_interface/uiUtilities.c:301:6:lastHeardInitList	20	static
../application/source/user_interface/uiUtilities.c:341:13:lastHeardFindInList	0	static
../application/source/user_interface/uiUtilities.c:192:6:isQSODataAvailableForCurrentTalker	8	static
../application/source/user_interface/uiUtilities.c:358:10:coordsToMaidenhead	24	static
../application/source/user_interface/uiUtilities.c:437:6:buildLocationAndMaidenheadStrings	80	static
../application/source/user_interface/uiUtilities.c:474:8:latLonFixed24ToDouble	16	static
../application/source/user_interface/uiUtilities.c:486:10:latLonDoubleToFixed24	32	static
../application/source/user_interface/uiUtilities.c:500:8:latLonFixed32ToDouble	16	static
../application/source/user_interface/uiUtilities.c:512:10:latLonDoubleToFixed32	32	static
../application/source/user_interface/uiUtilities.c:531:8:distanceBetweenTwoCoords	88	static
../application/source/user_interface/uiUtilities.c:526:8:distanceToLocation	32	static
../application/source/user_interface/uiUtilities.c:560:8:courseTo	64	static
../application/source/user_interface/uiUtilities.c:702:6:lastHeardClearLastID	8	static
../application/source/user_interface/uiUtilities.c:824:6:lastHeardClearWorkingTAData	8	static
../application/source/user_interface/uiUtilities.c:1165:6:dmrIDCacheClear	0	static
../application/source/user_interface/uiUtilities.c:1098:6:dmrIDCacheInit	112	static
../application/source/user_interface/uiUtilities.c:1170:10:dmrIDCacheGetCount	0	static
../application/source/user_interface/uiUtilities.c:1213:6:dmrIDLookup	104	static
../application/source/user_interface/uiUtilities.c:1350:6:contactIDLookup	48	static
../application/source/user_interface/uiUtilities.c:711:13:updateLHItem	120	static
../application/source/user_interface/uiUtilities.c:832:6:lastHeardListUpdate	64	static
../application/source/user_interface/uiUtilities.c:2266:6:uiUtilityDrawRSSIBarGraph	24	static
../application/source/user_interface/uiUtilities.c:2325:6:uiUtilityDrawFMMicLevelBarGraph	16	static
../application/source/user_interface/uiUtilities.c:2350:6:uiUtilityDrawDMRMicLevelBarGraph	16	static
../application/source/user_interface/uiUtilities.c:2356:6:setOverrideTGorPC	0	static
../application/source/user_interface/uiUtilities.c:2451:8:dcsPrintf	16	static
../application/source/user_interface/uiUtilities.c:1569:6:uiUtilityDisplayInformation	72	static
../application/source/user_interface/uiUtilities.c:1368:13:displayChannelNameOrRxFrequency.constprop	16	static
../application/source/user_interface/uiUtilities.c:1485:13:displayContactTextInfos	80	static
../application/source/user_interface/uiUtilities.c:1744:6:uiUtilityRenderQSOData	88	static
../application/source/user_interface/uiUtilities.c:2456:6:freqEnterReset	0	static
../application/source/user_interface/uiUtilities.c:2462:5:freqEnterRead	20	static
../application/source/user_interface/uiUtilities.c:2489:5:getBatteryPercentage	0	static
../application/source/user_interface/uiUtilities.c:2494:6:getBatteryVoltage	0	static
../application/source/user_interface/uiUtilities.c:2874:6:announceChar	16	static
../application/source/user_interface/uiUtilities.c:2888:6:buildCSSCodeVoicePrompts	32	static
../application/source/user_interface/uiUtilities.c:2940:6:announceCSSCode	32	static
../application/source/user_interface/uiUtilities.c:3118:6:promptsPlayNotAfterTx	8	static
../application/source/user_interface/uiUtilities.c:3126:6:uiUtilityBuildTgOrPCDisplayName	120	static
../application/source/user_interface/uiUtilities.c:3273:6:repeatVoicePromptOnSK1	8	static
../application/source/user_interface/uiUtilities.c:3307:6:handleMonitorMode	24	static
../application/source/user_interface/uiUtilities.c:3454:6:saveQuickkeyMenuIndex	8	static
../application/source/user_interface/uiUtilities.c:3465:6:saveQuickkeyMenuLongValue	8	static
../application/source/user_interface/uiUtilities.c:3473:6:saveQuickkeyContactIndex	8	static
../application/source/user_interface/uiUtilities.c:3479:9:cssGetToneIndex	12	static
../application/source/user_interface/uiUtilities.c:3514:10:cssGetToneFromIndex	0	static
../application/source/user_interface/uiUtilities.c:3536:6:cssIncrement	24	static
../application/source/user_interface/uiUtilities.c:3591:6:cssDecrement	24	static
../application/source/user_interface/uiUtilities.c:3654:6:uiQuickKeysShowChoices	32	static
../application/source/user_interface/uiUtilities.c:3679:6:uiQuickKeysIsStoring	0	static
../application/source/user_interface/uiUtilities.c:3684:6:uiQuickKeysStore	16	static
../application/source/user_interface/uiUtilities.c:3855:6:dtmfSequenceReset	0	static
../application/source/user_interface/uiUtilities.c:3862:6:dtmfSequenceIsKeying	0	static
../application/source/user_interface/uiUtilities.c:3867:6:dtmfSequencePrepare	8	static
../application/source/user_interface/uiUtilities.c:3894:6:dtmfSequenceStart	0	static
../application/source/user_interface/uiUtilities.c:3902:6:dtmfSequenceStop	0	static
../application/source/user_interface/uiUtilities.c:3908:6:dtmfSequenceTick	48	static
../application/source/user_interface/uiUtilities.c:4021:6:resetOriginalSettingsData	0	static
../application/source/user_interface/uiUtilities.c:4031:6:showErrorMessage	8	static
../application/source/user_interface/uiUtilities.c:4040:13:getPowerLevel	8	static
../application/source/user_interface/uiUtilities.c:2974:6:announceItemWithInit	80	static
../application/source/user_interface/uiUtilities.c:3113:6:announceItem	0	static
../application/source/user_interface/uiUtilities.c:2500:6:increasePowerLevel	16	static
../application/source/user_interface/uiUtilities.c:2530:6:decreasePowerLevel	24	static
../application/source/user_interface/uiUtilities.c:3190:6:acceptPrivateCall	16	static
../application/source/user_interface/uiUtilities.c:3211:6:rebuildVoicePromptOnExtraLongSK1	24	static
../application/source/user_interface/uiUtilities.c:4049:13:getPowerLevelUnit	0	static
../application/source/user_interface/uiUtilities.c:4154:12:gmtime_r_Custom	24	static
../application/source/user_interface/uiUtilities.c:4206:15:mktime_custom	72	static
../application/source/user_interface/uiUtilities.c:4227:15:getRtcTime_custom	72	static
../application/source/user_interface/uiUtilities.c:4248:6:setRtc_custom	80	static
../application/source/user_interface/uiUtilities.c:4442:5:sunriset	104	static
../application/source/user_interface/uiUtilities.c:4503:6:daytimeThemeChangeUpdate	8	static
../application/source/user_interface/uiUtilities.c:4054:6:uiSetUTCDateTimeInSecs	0	static
../application/source/user_interface/uiUtilities.c:4514:6:daytimeThemeApply	48	static
../application/source/user_interface/uiUtilities.c:4543:6:daytimeThemeTick	136	static
../application/source/user_interface/uiUtilities.c:4592:6:uiChannelModeOrVFOModeThemeDaytimeChange	16	static
../application/source/user_interface/uiUtilities.c:4638:6:txInhibitCheckAndWarn	24	static
../application/source/user_interface/uiUtilities.c:4666:6:isTransmittingIgnoringAPRSBeaconing	8	static
../application/source/user_interface/uiUtilities.c:1856:6:uiUtilityRenderHeader	120	static
../application/source/user_interface/uiUtilities.c:1733:6:uiUtilityRenderQSODataAndUpdateScreen	8	static
../application/source/user_interface/uiUtilities.c:2228:6:uiUtilityRedrawHeaderOnly	24	static
../application/source/user_interface/uiUtilities.c:2376:6:uiUtilityDisplayFrequency	88	static
../application/source/user_interface/uiUtilities.c:4672:10:cpuGetSignature	0	static
../application/source/user_interface/uiUtilities.c:4677:10:cpuGetRevision	0	static
../application/source/user_interface/uiUtilities.c:4682:10:cpuGetPackage	0	static
../application/source/user_interface/uiUtilities.c:4687:9:cpuGetFlashSize	0	static
