../application/source/hardware/AT1846S.c:410:17:dcsGetBitPatternFromCode	16	static
../application/source/hardware/AT1846S.c:280:6:radioWriteReg2byte	48	static
../application/source/hardware/AT1846S.c:328:6:radioReadReg2byte	40	static
../application/source/hardware/AT1846S.c:366:6:radioSetClearReg2byteWithMask	40	static
../application/source/hardware/AT1846S.c:392:6:I2C_AT1846_set_register_with_mask	32	static
../application/source/hardware/AT1846S.c:399:6:I2C_AT1846S_send_Settings	16	static
../application/source/hardware/AT1846S.c:229:6:AT1846sInit	8	static
../application/source/hardware/AT1846S.c:240:6:AT1846sPostInit	0	static
../application/source/hardware/AT1846S.c:245:6:AT1846sSetMode	0	static
../application/source/hardware/AT1846S.c:257:6:AT1846sSetBandWidth	16	static
../application/source/hardware/AT1846S.c:441:6:AT1846sSetRxCSSOff	16	static
../application/source/hardware/AT1846S.c:456:6:AT1846sSetRxCTCSS	24	static
../application/source/hardware/AT1846S.c:484:6:AT1846sSetRxDCS	24	static
../application/source/hardware/AT1846S.c:509:6:AT1846sSetTxCTCSS	16	static
../application/source/hardware/AT1846S.c:537:6:AT1846sSetTxDCS	24	static
../application/source/hardware/AT1846S.c:555:6:AT1846sCheckCSS	24	static
../application/source/hardware/AT1846S.c:570:6:AT1846sWriteTone1Reg	32	static
../application/source/hardware/AT1846S.c:592:6:AT1846sSelectVoiceChannel	40	static
