../application/source/user_interface/menuSMS.c:569:13:smsMenuRender	48	static
../application/source/user_interface/menuSMS.c:1261:13:smsComposeInsertChar	32	static
../application/source/user_interface/menuSMS.c:1201:13:smsComposeRenderDestinationSelect	40	static
../application/source/user_interface/menuSMS.c:797:13:smsRxRespondRender	40	static
../application/source/user_interface/menuSMS.c:1237:13:smsComposeRenderManualIdEntry	32	static
../application/source/user_interface/menuSMS.c:769:13:smsRxPopupRender	72	static
../application/source/user_interface/menuSMS.c:2392:13:smsOptionsRender	64	static
../application/source/user_interface/menuSMS.c:1044:13:smsDrawTextCursor	32	static
../application/source/user_interface/menuSMS.c:1064:13:smsComposeRender	96	static
../application/source/user_interface/menuSMS.c:646:13:smsQuickTextEditRender	72	static
../application/source/user_interface/menuSMS.c:594:13:smsQuickTextRender	320	static
../application/source/user_interface/menuSMS.c:333:13:smsBuildMessagePreview.part.0.constprop	12	static
../application/source/user_interface/menuSMS.c:981:13:smsSentRender	320	static
../application/source/user_interface/menuSMS.c:917:13:smsInboxRender	320	static
../application/source/user_interface/menuSMS.c:422:13:smsGetSourceDisplayText.part.0.constprop	48	static
../application/source/user_interface/menuSMS.c:220:12:smsBuildViewLineLayout.constprop	32	static
../application/source/user_interface/menuSMS.c:155:17:smsBuildViewText.part.0.constprop	16	static
../application/source/user_interface/menuSMS.c:1142:13:smsComposeRenderContactSelect	112	static
../application/source/user_interface/menuSMS.c:833:13:smsViewRender	1016	static
../application/source/user_interface/menuSMS.c:1286:13:smsSendBuffer	32	static
../application/source/user_interface/menuSMS.c:1314:14:menuSMSMenu	8	static
../application/source/user_interface/menuSMS.c:1370:14:menuSMSCompose	64	static
../application/source/user_interface/menuSMS.c:1702:14:menuSMSInbox	48	static
../application/source/user_interface/menuSMS.c:1789:14:menuSMSSent	264	static
../application/source/user_interface/menuSMS.c:1876:14:menuSMSQuickText	280	static
../application/source/user_interface/menuSMS.c:1979:14:menuSMSQuickTextEdit	40	static
../application/source/user_interface/menuSMS.c:2125:14:menuSMSRxPopup	16	static
../application/source/user_interface/menuSMS.c:2275:14:menuSMSView	1208	static
../application/source/user_interface/menuSMS.c:2430:14:menuSMSOptions	8	static
